Component: Arm Compiler for Embedded 6.22 Tool: armlink [5ee90200]

==============================================================================

Section Cross References

    startup_stm32g431xx.o(STACK) refers (Special) to heapauxi.o(.text) for __use_two_region_memory
    startup_stm32g431xx.o(HEAP) refers (Special) to heapauxi.o(.text) for __use_two_region_memory
    startup_stm32g431xx.o(RESET) refers (Special) to heapauxi.o(.text) for __use_two_region_memory
    startup_stm32g431xx.o(RESET) refers to startup_stm32g431xx.o(STACK) for __initial_sp
    startup_stm32g431xx.o(RESET) refers to startup_stm32g431xx.o(.text) for Reset_Handler
    startup_stm32g431xx.o(RESET) refers to lto-llvm-822f7c.o(.text.NMI_Handler) for NMI_Handler
    startup_stm32g431xx.o(RESET) refers to lto-llvm-822f7c.o(.text.HardFault_Handler) for HardFault_Handler
    startup_stm32g431xx.o(RESET) refers to lto-llvm-822f7c.o(.text.MemManage_Handler) for MemManage_Handler
    startup_stm32g431xx.o(RESET) refers to lto-llvm-822f7c.o(.text.BusFault_Handler) for BusFault_Handler
    startup_stm32g431xx.o(RESET) refers to lto-llvm-822f7c.o(.text.UsageFault_Handler) for UsageFault_Handler
    startup_stm32g431xx.o(RESET) refers to lto-llvm-822f7c.o(.text.SVC_Handler) for SVC_Handler
    startup_stm32g431xx.o(RESET) refers to lto-llvm-822f7c.o(.text.DebugMon_Handler) for DebugMon_Handler
    startup_stm32g431xx.o(RESET) refers to lto-llvm-822f7c.o(.text.PendSV_Handler) for PendSV_Handler
    startup_stm32g431xx.o(RESET) refers to lto-llvm-822f7c.o(.text.SysTick_Handler) for SysTick_Handler
    startup_stm32g431xx.o(RESET) refers to lto-llvm-822f7c.o(.text.DMA1_Channel1_IRQHandler) for DMA1_Channel1_IRQHandler
    startup_stm32g431xx.o(RESET) refers to lto-llvm-822f7c.o(.text.USB_LP_IRQHandler) for USB_LP_IRQHandler
    startup_stm32g431xx.o(RESET) refers to lto-llvm-822f7c.o(.text.SPI2_IRQHandler) for SPI2_IRQHandler
    startup_stm32g431xx.o(.text) refers (Special) to heapauxi.o(.text) for __use_two_region_memory
    startup_stm32g431xx.o(.text) refers to lto-llvm-822f7c.o(.text.SystemInit) for SystemInit
    startup_stm32g431xx.o(.text) refers to __main.o(!!!main) for __main
    startup_stm32g431xx.o(.text) refers to startup_stm32g431xx.o(HEAP) for Heap_Mem
    startup_stm32g431xx.o(.text) refers to startup_stm32g431xx.o(STACK) for Stack_Mem
    __main.o(!!!main) refers to __rtentry.o(.ARM.Collect$$rtentry$$00000000) for __rt_entry
    __rtentry.o(.ARM.Collect$$rtentry$$00000000) refers (Special) to __rtentry2.o(.ARM.Collect$$rtentry$$0000000A) for __rt_entry_li
    __rtentry.o(.ARM.Collect$$rtentry$$00000000) refers (Special) to __rtentry2.o(.ARM.Collect$$rtentry$$0000000D) for __rt_entry_main
    __rtentry.o(.ARM.Collect$$rtentry$$00000000) refers (Special) to __rtentry2.o(.ARM.Collect$$rtentry$$0000000C) for __rt_entry_postli_1
    __rtentry.o(.ARM.Collect$$rtentry$$00000000) refers (Special) to __rtentry2.o(.ARM.Collect$$rtentry$$00000009) for __rt_entry_postsh_1
    __rtentry.o(.ARM.Collect$$rtentry$$00000000) refers (Special) to __rtentry2.o(.ARM.Collect$$rtentry$$00000002) for __rt_entry_presh_1
    __rtentry.o(.ARM.Collect$$rtentry$$00000000) refers (Special) to __rtentry4.o(.ARM.Collect$$rtentry$$00000004) for __rt_entry_sh
    __rtentry2.o(.ARM.Collect$$rtentry$$00000008) refers to boardinit2.o(.text) for _platform_post_stackheap_init
    __rtentry2.o(.ARM.Collect$$rtentry$$0000000A) refers to libinit.o(.ARM.Collect$$libinit$$00000000) for __rt_lib_init
    __rtentry2.o(.ARM.Collect$$rtentry$$0000000B) refers to boardinit3.o(.text) for _platform_post_lib_init
    __rtentry2.o(.ARM.Collect$$rtentry$$0000000D) refers to lto-llvm-822f7c.o(.text.main) for main
    __rtentry2.o(.ARM.Collect$$rtentry$$0000000D) refers to exit.o(.text) for exit
    __rtentry2.o(.ARM.exidx) refers to __rtentry2.o(.ARM.Collect$$rtentry$$00000001) for .ARM.Collect$$rtentry$$00000001
    __rtentry2.o(.ARM.exidx) refers to __rtentry2.o(.ARM.Collect$$rtentry$$00000008) for .ARM.Collect$$rtentry$$00000008
    __rtentry2.o(.ARM.exidx) refers to __rtentry2.o(.ARM.Collect$$rtentry$$0000000A) for .ARM.Collect$$rtentry$$0000000A
    __rtentry2.o(.ARM.exidx) refers to __rtentry2.o(.ARM.Collect$$rtentry$$0000000B) for .ARM.Collect$$rtentry$$0000000B
    __rtentry2.o(.ARM.exidx) refers to __rtentry2.o(.ARM.Collect$$rtentry$$0000000D) for .ARM.Collect$$rtentry$$0000000D
    __rtentry4.o(.ARM.Collect$$rtentry$$00000004) refers to sys_stackheap_outer.o(.text) for __user_setup_stackheap
    __rtentry4.o(.ARM.exidx) refers to __rtentry4.o(.ARM.Collect$$rtentry$$00000004) for .ARM.Collect$$rtentry$$00000004
    sys_stackheap_outer.o(.text) refers to libspace.o(.text) for __user_perproc_libspace
    sys_stackheap_outer.o(.text) refers to startup_stm32g431xx.o(.text) for __user_initial_stackheap
    exit.o(.text) refers to rtexit.o(.ARM.Collect$$rtexit$$00000000) for __rt_exit
[...]
    lto-llvm-822f7c.o(.data.AUDIO_Desc) refers to lto-llvm-822f7c.o(.text.USBD_AUDIO_SerialStrDescriptor) for USBD_AUDIO_SerialStrDescriptor
    lto-llvm-822f7c.o(.data.AUDIO_Desc) refers to lto-llvm-822f7c.o(.text.USBD_AUDIO_ConfigStrDescriptor) for USBD_AUDIO_ConfigStrDescriptor
    lto-llvm-822f7c.o(.data.AUDIO_Desc) refers to lto-llvm-822f7c.o(.text.USBD_AUDIO_InterfaceStrDescriptor) for USBD_AUDIO_InterfaceStrDescriptor
    lto-llvm-822f7c.o(.data.USBD_AUDIO_fops_FS) refers to lto-llvm-822f7c.o(.text.AUDIO_Init_FS) for AUDIO_Init_FS
    lto-llvm-822f7c.o(.data.USBD_AUDIO_fops_FS) refers to lto-llvm-822f7c.o(.text.AUDIO_DeInit_FS) for AUDIO_DeInit_FS
    lto-llvm-822f7c.o(.data.USBD_AUDIO_fops_FS) refers to lto-llvm-822f7c.o(.text.AUDIO_AudioCmd_FS) for AUDIO_AudioCmd_FS
    lto-llvm-822f7c.o(.data.USBD_AUDIO_fops_FS) refers to lto-llvm-822f7c.o(.text.AUDIO_VolumeCtl_FS) for AUDIO_VolumeCtl_FS
    lto-llvm-822f7c.o(.data.USBD_AUDIO_fops_FS) refers to lto-llvm-822f7c.o(.text.AUDIO_MuteCtl_FS) for AUDIO_MuteCtl_FS
    lto-llvm-822f7c.o(.data.USBD_AUDIO_fops_FS) refers to lto-llvm-822f7c.o(.text.AUDIO_PeriodicTC_FS) for AUDIO_PeriodicTC_FS
    lto-llvm-822f7c.o(.data.USBD_AUDIO_fops_FS) refers to lto-llvm-822f7c.o(.text.AUDIO_GetState_FS) for AUDIO_GetState_FS
    lto-llvm-822f7c.o(.data.USBD_AUDIO) refers to lto-llvm-822f7c.o(.text.USBD_AUDIO_Init) for USBD_AUDIO_Init
    lto-llvm-822f7c.o(.data.USBD_AUDIO) refers to lto-llvm-822f7c.o(.text.USBD_AUDIO_DeInit) for USBD_AUDIO_DeInit
    lto-llvm-822f7c.o(.data.USBD_AUDIO) refers to lto-llvm-822f7c.o(.text.USBD_AUDIO_Setup) for USBD_AUDIO_Setup
    lto-llvm-822f7c.o(.data.USBD_AUDIO) refers to lto-llvm-822f7c.o(.text.USBD_AUDIO_EP0_TxReady) for USBD_AUDIO_EP0_TxReady
    lto-llvm-822f7c.o(.data.USBD_AUDIO) refers to lto-llvm-822f7c.o(.text.USBD_AUDIO_EP0_RxReady) for USBD_AUDIO_EP0_RxReady
    lto-llvm-822f7c.o(.data.USBD_AUDIO) refers to lto-llvm-822f7c.o(.text.USBD_AUDIO_DataIn) for USBD_AUDIO_DataIn
    lto-llvm-822f7c.o(.data.USBD_AUDIO) refers to lto-llvm-822f7c.o(.text.USBD_AUDIO_DataOut) for USBD_AUDIO_DataOut
    lto-llvm-822f7c.o(.data.USBD_AUDIO) refers to lto-llvm-822f7c.o(.text.USBD_AUDIO_SOF) for USBD_AUDIO_SOF
    lto-llvm-822f7c.o(.data.USBD_AUDIO) refers to lto-llvm-822f7c.o(.text.USBD_AUDIO_IsoINIncomplete) for USBD_AUDIO_IsoINIncomplete
    lto-llvm-822f7c.o(.data.USBD_AUDIO) refers to lto-llvm-822f7c.o(.text.USBD_AUDIO_IsoOutIncomplete) for USBD_AUDIO_IsoOutIncomplete
    lto-llvm-822f7c.o(.data.USBD_AUDIO) refers to lto-llvm-822f7c.o(.text.USBD_AUDIO_GetCfgDesc) for USBD_AUDIO_GetCfgDesc
    lto-llvm-822f7c.o(.data.USBD_AUDIO) refers to lto-llvm-822f7c.o(.text.USBD_AUDIO_GetDeviceQualifierDesc) for USBD_AUDIO_GetDeviceQualifierDesc
    rt_memclr.o(.text) refers to rt_memclr_w.o(.text) for _memset_w
    d2f.o(x$fpl$d2f) refers (Special) to usenofp.o(x$fpl$usenofp) for __I$use$fp
    d2f.o(x$fpl$d2f) refers to fretinf.o(x$fpl$fretinf) for __fpl_fretinf
    d2f.o(x$fpl$d2f) refers to dnaninf.o(x$fpl$dnaninf) for __fpl_dnaninf
    dflt_clz.o(x$fpl$dfltu) refers (Special) to usenofp.o(x$fpl$usenofp) for __I$use$fp
    dflt_clz.o(x$fpl$dflt) refers (Special) to usenofp.o(x$fpl$usenofp) for __I$use$fp
    dflt_clz.o(x$fpl$dfltn) refers (Special) to usenofp.o(x$fpl$usenofp) for __I$use$fp
    dmul.o(x$fpl$dmul) refers (Special) to usenofp.o(x$fpl$usenofp) for __I$use$fp
    dmul.o(x$fpl$dmul) refers to dretinf.o(x$fpl$dretinf) for __fpl_dretinf
    dmul.o(x$fpl$dmul) refers to dnaninf.o(x$fpl$dnaninf) for __fpl_dnaninf
    sqrt.o(i.__hardfp_sqrt) refers (Special) to usenofp.o(x$fpl$usenofp) for __I$use$fp
    sqrt.o(i.__hardfp_sqrt) refers to dsqrt_umaal.o(x$fpl$dsqrt) for _dsqrt
    sqrt.o(i.__hardfp_sqrt) refers to _rserrno.o(.text) for __set_errno
    sqrt.o(i.__softfp_sqrt) refers (Special) to usenofp.o(x$fpl$usenofp) for __I$use$fp
    sqrt.o(i.__softfp_sqrt) refers to dsqrt_umaal.o(x$fpl$dsqrt) for _dsqrt
    sqrt.o(i.__softfp_sqrt) refers to _rserrno.o(.text) for __set_errno
    sqrt.o(i.sqrt) refers (Special) to usenofp.o(x$fpl$usenofp) for __I$use$fp
    sqrt.o(i.sqrt) refers to dsqrt_umaal.o(x$fpl$dsqrt) for _dsqrt
    sqrt.o(i.sqrt) refers to _rserrno.o(.text) for __set_errno
    _rserrno.o(.text) refers to rt_errno_addr_intlibspace.o(.text) for __aeabi_errno_addr
    dnaninf.o(x$fpl$dnaninf) refers (Special) to usenofp.o(x$fpl$usenofp) for __I$use$fp
    dretinf.o(x$fpl$dretinf) refers (Special) to usenofp.o(x$fpl$usenofp) for __I$use$fp
    dsqrt_umaal.o(x$fpl$dsqrt) refers (Special) to usenofp.o(x$fpl$usenofp) for __I$use$fp
    dsqrt_umaal.o(x$fpl$dsqrt) refers to dnaninf.o(x$fpl$dnaninf) for __fpl_dnaninf
    fretinf.o(x$fpl$fretinf) refers (Special) to usenofp.o(x$fpl$usenofp) for __I$use$fp
    rt_errno_addr.o(.text) refers to rt_errno_addr.o(.bss) for __aeabi_errno_addr_data
    rt_errno_addr_intlibspace.o(.text) refers to libspace.o(.bss) for __libspace_start


==============================================================================

Removing Unused input sections from the image.

    Removing lto-llvm-822f7c.o(.text), (0 bytes).
    Removing lto-llvm-822f7c.o(.ARM.exidx.text.main), (8 bytes).
    Removing lto-llvm-822f7c.o(.ARM.exidx.text.SystemClock_Config), (8 bytes).
    Removing lto-llvm-822f7c.o(.ARM.exidx.text.NMI_Handler), (8 bytes).
    Removing lto-llvm-822f7c.o(.ARM.exidx.text.HardFault_Handler), (8 bytes).
    Removing lto-llvm-822f7c.o(.ARM.exidx.text.MemManage_Handler), (8 bytes).
    Removing lto-llvm-822f7c.o(.ARM.exidx.text.BusFault_Handler), (8 bytes).
    Removing lto-llvm-822f7c.o(.ARM.exidx.text.UsageFault_Handler), (8 bytes).
    Removing lto-llvm-822f7c.o(.ARM.exidx.text.SVC_Handler), (8 bytes).
    Removing lto-llvm-822f7c.o(.ARM.exidx.text.DebugMon_Handler), (8 bytes).
    Removing lto-llvm-822f7c.o(.ARM.exidx.text.PendSV_Handler), (8 bytes).
    Removing lto-llvm-822f7c.o(.ARM.exidx.text.SysTick_Handler), (8 bytes).
    Removing lto-llvm-822f7c.o(.ARM.exidx.text.DMA1_Channel1_IRQHandler), (8 bytes).
    Removing lto-llvm-822f7c.o(.ARM.exidx.text.USB_LP_IRQHandler), (8 bytes).
    Removing lto-llvm-822f7c.o(.ARM.exidx.text.SPI2_IRQHandler), (8 bytes).
    Removing lto-llvm-822f7c.o(.ARM.exidx.text.HAL_PCD_DataOutStageCallback), (8 bytes).
    Removing lto-llvm-822f7c.o(.ARM.exidx.text.HAL_PCD_DataInStageCallback), (8 bytes).
    Removing lto-llvm-822f7c.o(.ARM.exidx.text.USBD_LL_OpenEP), (8 bytes).
    Removing lto-llvm-822f7c.o(.ARM.exidx.text.USBD_LL_StallEP), (8 bytes).
    Removing lto-llvm-822f7c.o(.ARM.exidx.text.USBD_LL_ClearStallEP), (8 bytes).
    Removing lto-llvm-822f7c.o(.ARM.exidx.text.HAL_PCDEx_LPM_Callback), (8 bytes).
    Removing lto-llvm-822f7c.o(.ARM.exidx.text.USBD_AUDIO_DeviceDescriptor), (8 bytes).
    Removing lto-llvm-822f7c.o(.ARM.exidx.text.USBD_AUDIO_LangIDStrDescriptor), (8 bytes).
    Removing lto-llvm-822f7c.o(.ARM.exidx.text.USBD_AUDIO_ManufacturerStrDescriptor), (8 bytes).
    Removing lto-llvm-822f7c.o(.ARM.exidx.text.USBD_AUDIO_ProductStrDescriptor), (8 bytes).
    Removing lto-llvm-822f7c.o(.ARM.exidx.text.USBD_AUDIO_SerialStrDescriptor), (8 bytes).
    Removing lto-llvm-822f7c.o(.ARM.exidx.text.USBD_AUDIO_ConfigStrDescriptor), (8 bytes).
    Removing lto-llvm-822f7c.o(.ARM.exidx.text.USBD_AUDIO_InterfaceStrDescriptor), (8 bytes).
    Removing lto-llvm-822f7c.o(.ARM.exidx.text.AUDIO_Init_FS), (8 bytes).
    Removing lto-llvm-822f7c.o(.ARM.exidx.text.AUDIO_DeInit_FS), (8 bytes).
    Removing lto-llvm-822f7c.o(.ARM.exidx.text.AUDIO_AudioCmd_FS), (8 bytes).
    Removing lto-llvm-822f7c.o(.ARM.exidx.text.AUDIO_VolumeCtl_FS), (8 bytes).
    Removing lto-llvm-822f7c.o(.ARM.exidx.text.AUDIO_MuteCtl_FS), (8 bytes).
    Removing lto-llvm-822f7c.o(.ARM.exidx.text.AUDIO_PeriodicTC_FS), (8 bytes).
    Removing lto-llvm-822f7c.o(.ARM.exidx.text.AUDIO_GetState_FS), (8 bytes).
    Removing lto-llvm-822f7c.o(.ARM.exidx.text.USB_EPStartXfer), (8 bytes).
    Removing lto-llvm-822f7c.o(.ARM.exidx.text.USB_WritePMA), (8 bytes).
    Removing lto-llvm-822f7c.o(.ARM.exidx.text.USB_ReadPMA), (8 bytes).
    Removing lto-llvm-822f7c.o(.ARM.exidx.text.HAL_RCC_OscConfig), (8 bytes).
    Removing lto-llvm-822f7c.o(.ARM.exidx.text.HAL_RCC_ClockConfig), (8 bytes).
    Removing lto-llvm-822f7c.o(.ARM.exidx.text.HAL_RCCEx_PeriphCLKConfig), (8 bytes).
    Removing lto-llvm-822f7c.o(.ARM.exidx.text.HAL_GPIO_Init), (8 bytes).
    Removing lto-llvm-822f7c.o(.ARM.exidx.text.HAL_I2C_Init), (8 bytes).
    Removing lto-llvm-822f7c.o(.ARM.exidx.text.HAL_I2C_Master_Transmit), (8 bytes).
    Removing lto-llvm-822f7c.o(.ARM.exidx.text.I2C_IsErrorOccurred), (8 bytes).
    Removing lto-llvm-822f7c.o(.ARM.exidx.text.I2S_DMATxHalfCplt), (8 bytes).
    Removing lto-llvm-822f7c.o(.ARM.exidx.text.I2S_DMATxCplt), (8 bytes).
    Removing lto-llvm-822f7c.o(.ARM.exidx.text.I2S_DMAError), (8 bytes).
    Removing lto-llvm-822f7c.o(.ARM.exidx.text.TIM_Base_SetConfig), (8 bytes).
    Removing lto-llvm-822f7c.o(.ARM.exidx.text.HAL_TIM_PWM_Start), (8 bytes).
    Removing lto-llvm-822f7c.o(.ARM.exidx.text.SystemInit), (8 bytes).
    Removing lto-llvm-822f7c.o(.ARM.exidx.text.USBD_CtlError), (8 bytes).
    Removing lto-llvm-822f7c.o(.ARM.exidx.text.USBD_GetString), (8 bytes).
    Removing lto-llvm-822f7c.o(.ARM.exidx.text.USBD_CtlSendData), (8 bytes).
    Removing lto-llvm-822f7c.o(.ARM.exidx.text.USBD_CtlSendStatus), (8 bytes).
    Removing lto-llvm-822f7c.o(.ARM.exidx.text.USBD_AUDIO_Init), (8 bytes).
    Removing lto-llvm-822f7c.o(.ARM.exidx.text.USBD_AUDIO_DeInit), (8 bytes).
    Removing lto-llvm-822f7c.o(.ARM.exidx.text.USBD_AUDIO_Setup), (8 bytes).
    Removing lto-llvm-822f7c.o(.ARM.exidx.text.USBD_AUDIO_EP0_TxReady), (8 bytes).
    Removing lto-llvm-822f7c.o(.ARM.exidx.text.USBD_AUDIO_EP0_RxReady), (8 bytes).
    Removing lto-llvm-822f7c.o(.ARM.exidx.text.USBD_AUDIO_DataIn), (8 bytes).
    Removing lto-llvm-822f7c.o(.ARM.exidx.text.USBD_AUDIO_DataOut), (8 bytes).
    Removing lto-llvm-822f7c.o(.ARM.exidx.text.USBD_AUDIO_SOF), (8 bytes).
    Removing lto-llvm-822f7c.o(.ARM.exidx.text.USBD_AUDIO_IsoINIncomplete), (8 bytes).
    Removing lto-llvm-822f7c.o(.ARM.exidx.text.USBD_AUDIO_IsoOutIncomplete), (8 bytes).
    Removing lto-llvm-822f7c.o(.ARM.exidx.text.USBD_AUDIO_GetCfgDesc), (8 bytes).
    Removing lto-llvm-822f7c.o(.ARM.exidx.text.USBD_AUDIO_GetDeviceQualifierDesc), (8 bytes).
    Removing lto-llvm-822f7c.o(.ARM.use_no_argv), (4 bytes).

68 unused section(s) (total 532 bytes) removed from the image.

==============================================================================

Image Symbol Table

    Local Symbols

    Symbol Name                              Value     Ov Type        Size  Object(Section)

    ../clib/angel/boardlib.s                 0x00000000   Number         0  boardinit1.o ABSOLUTE
    ../clib/angel/boardlib.s                 0x00000000   Number         0  boardinit2.o ABSOLUTE
    ../clib/angel/boardlib.s                 0x00000000   Number         0  boardinit3.o ABSOLUTE
    ../clib/angel/boardlib.s                 0x00000000   Number         0  boardshut.o ABSOLUTE
    ../clib/angel/dczerorl2.s                0x00000000   Number         0  __dczerorl2.o ABSOLUTE
    ../clib/angel/handlers.s                 0x00000000   Number         0  __scatter_zi.o ABSOLUTE
    ../clib/angel/kernel.s                   0x00000000   Number         0  __rtentry.o ABSOLUTE
    ../clib/angel/kernel.s                   0x00000000   Number         0  __rtentry2.o ABSOLUTE
    ../clib/angel/kernel.s                   0x00000000   Number         0  __rtentry4.o ABSOLUTE
    ../clib/angel/kernel.s                   0x00000000   Number         0  rtexit.o ABSOLUTE
    ../clib/angel/kernel.s                   0x00000000   Number         0  rtexit2.o ABSOLUTE
    ../clib/angel/rt.s                       0x00000000   Number         0  rt_raise.o ABSOLUTE
    ../clib/angel/rt.s                       0x00000000   Number         0  rt_errno_addr.o ABSOLUTE
    ../clib/angel/rt.s                       0x00000000   Number         0  rt_errno_addr_intlibspace.o ABSOLUTE
    ../clib/angel/scatter.s                  0x00000000   Number         0  __scatter.o ABSOLUTE
    ../clib/angel/startup.s                  0x00000000   Number         0  __main.o ABSOLUTE
    ../clib/angel/sys.s                      0x00000000   Number         0  sys_stackheap_outer.o ABSOLUTE
    ../clib/angel/sys.s                      0x00000000   Number         0  libspace.o ABSOLUTE
    ../clib/angel/sys.s                      0x00000000   Number         0  use_no_semi.o ABSOLUTE
    ../clib/angel/sys.s                      0x00000000   Number         0  indicate_semi.o ABSOLUTE
    ../clib/angel/sysapp.c                   0x00000000   Number         0  sys_exit.o ABSOLUTE
    ../clib/angel/sysapp.c                   0x00000000   Number         0  sys_exit_hlt.o ABSOLUTE
    ../clib/angel/sysapp.c                   0x00000000   Number         0  sys_command.o ABSOLUTE
    ../clib/angel/sysapp.c                   0x00000000   Number         0  sys_command_hlt.o ABSOLUTE
    ../clib/angel/sysapp.c                   0x00000000   Number         0  sys_wrch.o ABSOLUTE
    ../clib/angel/sysapp.c                   0x00000000   Number         0  sys_wrch_hlt.o ABSOLUTE
    ../clib/armsys.c                         0x00000000   Number         0  argv_veneer.o ABSOLUTE
    ../clib/armsys.c                         0x00000000   Number         0  argv_veneer.o ABSOLUTE
    ../clib/armsys.c                         0x00000000   Number         0  _get_argv_nomalloc.o ABSOLUTE
    ../clib/armsys.c                         0x00000000   Number         0  no_argv.o ABSOLUTE
    ../clib/fenv.c                           0x00000000   Number         0  _rserrno.o ABSOLUTE
    ../clib/heapalloc.c                      0x00000000   Number         0  hrguard.o ABSOLUTE
    ../clib/heapaux.c                        0x00000000   Number         0  heapauxi.o ABSOLUTE
    ../clib/libinit.s                        0x00000000   Number         0  libinit.o ABSOLUTE
    ../clib/libinit.s                        0x00000000   Number         0  libinit2.o ABSOLUTE
    ../clib/libinit.s                        0x00000000   Number         0  libshutdown.o ABSOLUTE
    ../clib/libinit.s                        0x00000000   Number         0  libshutdown2.o ABSOLUTE
    ../clib/memcpset.s                       0x00000000   Number         0  rt_memclr.o ABSOLUTE
    ../clib/memcpset.s                       0x00000000   Number         0  rt_memclr_w.o ABSOLUTE
    ../clib/signal.c                         0x00000000   Number         0  defsig_rtmem_outer.o ABSOLUTE
    ../clib/signal.c                         0x00000000   Number         0  defsig_rtmem_formal.o ABSOLUTE
    ../clib/signal.c                         0x00000000   Number         0  defsig_exit.o ABSOLUTE
    ../clib/signal.c                         0x00000000   Number         0  defsig_rtmem_inner.o ABSOLUTE
    ../clib/signal.c                         0x00000000   Number         0  __raise.o ABSOLUTE
    ../clib/signal.c                         0x00000000   Number         0  defsig_general.o ABSOLUTE
    ../clib/signal.c                         0x00000000   Number         0  defsig_abrt_inner.o ABSOLUTE
    ../clib/signal.c                         0x00000000   Number         0  defsig_fpe_inner.o ABSOLUTE
    ../clib/signal.c                         0x00000000   Number         0  defsig_rtred_inner.o ABSOLUTE
    ../clib/signal.c                         0x00000000   Number         0  defsig_stak_inner.o ABSOLUTE
    ../clib/signal.c                         0x00000000   Number         0  defsig_pvfn_inner.o ABSOLUTE
    ../clib/signal.c                         0x00000000   Number         0  defsig_cppl_inner.o ABSOLUTE
    ../clib/signal.c                         0x00000000   Number         0  defsig_segv_inner.o ABSOLUTE
    ../clib/signal.c                         0x00000000   Number         0  defsig_other.o ABSOLUTE
    ../clib/signal.s                         0x00000000   Number         0  defsig.o ABSOLUTE
    ../clib/stdlib.c                         0x00000000   Number         0  exit.o ABSOLUTE
    ../fplib/d2f.s                           0x00000000   Number         0  d2f.o ABSOLUTE
    ../fplib/dflt.s                          0x00000000   Number         0  dflt_clz.o ABSOLUTE
    ../fplib/dmul.s                          0x00000000   Number         0  dmul.o ABSOLUTE
    ../fplib/dnaninf.s                       0x00000000   Number         0  dnaninf.o ABSOLUTE
    ../fplib/dretinf.s                       0x00000000   Number         0  dretinf.o ABSOLUTE
    ../fplib/dsqrt.s                         0x00000000   Number         0  dsqrt_umaal.o ABSOLUTE
    ../fplib/fpinit.s                        0x00000000   Number         0  fpinit.o ABSOLUTE
    ../fplib/fretinf.s                       0x00000000   Number         0  fretinf.o ABSOLUTE
    ../fplib/usenofp.s                       0x00000000   Number         0  usenofp.o ABSOLUTE
    ../mathlib/sqrt.c                        0x00000000   Number         0  sqrt.o ABSOLUTE
    dc.s                                     0x00000000   Number         0  dc.o ABSOLUTE
    ld-temp.o                                0x00000000   Number         0  lto-llvm-822f7c.o ABSOLUTE
    startup_stm32g431xx.s                    0x00000000   Number         0  startup_stm32g431xx.o ABSOLUTE
    RESET                                    0x08000000   Section      472  startup_stm32g431xx.o(RESET)
    !!!main                                  0x080001d8   Section        8  __main.o(!!!main)
    !!!scatter                               0x080001e0   Section       92  __scatter.o(!!!scatter)
    !!dczerorl2                              0x0800023c   Section       90  __dczerorl2.o(!!dczerorl2)
    !!handler_null                           0x08000298   Section        2  __scatter.o(!!handler_null)
    !!handler_zi                             0x0800029c   Section       28  __scatter_zi.o(!!handler_zi)
    .ARM.Collect$$libinit$$00000000          0x080002b8   Section        2  libinit.o(.ARM.Collect$$libinit$$00000000)
    .ARM.Collect$$libinit$$00000001          0x080002ba   Section        4  libinit2.o(.ARM.Collect$$libinit$$00000001)
    .ARM.Collect$$libinit$$00000004          0x080002be   Section        0  libinit2.o(.ARM.Collect$$libinit$$00000004)
    .ARM.Collect$$libinit$$00000006          0x080002be   Section        0  libinit2.o(.ARM.Collect$$libinit$$00000006)
    .ARM.Collect$$libinit$$0000000C          0x080002be   Section        0  libinit2.o(.ARM.Collect$$libinit$$0000000C)
    .ARM.Collect$$libinit$$0000000E          0x080002be   Section        0  libinit2.o(.ARM.Collect$$libinit$$0000000E)
    .ARM.Collect$$libinit$$00000010          0x080002be   Section        0  libinit2.o(.ARM.Collect$$libinit$$00000010)
    .ARM.Collect$$libinit$$00000013          0x080002be   Section        0  libinit2.o(.ARM.Collect$$libinit$$00000013)
    .ARM.Collect$$libinit$$00000015          0x080002be   Section        0  libinit2.o(.ARM.Collect$$libinit$$00000015)
    .ARM.Collect$$libinit$$00000017          0x080002be   Section        0  libinit2.o(.ARM.Collect$$libinit$$00000017)
    .ARM.Collect$$libinit$$00000019          0x080002be   Section        0  libinit2.o(.ARM.Collect$$libinit$$00000019)
    .ARM.Collect$$libinit$$0000001B          0x080002be   Section        0  libinit2.o(.ARM.Collect$$libinit$$0000001B)
    .ARM.Collect$$libinit$$0000001D          0x080002be   Section        0  libinit2.o(.ARM.Collect$$libinit$$0000001D)
    .ARM.Collect$$libinit$$0000001F          0x080002be   Section        0  libinit2.o(.ARM.Collect$$libinit$$0000001F)
    .ARM.Collect$$libinit$$00000021          0x080002be   Section        0  libinit2.o(.ARM.Collect$$libinit$$00000021)
    .ARM.Collect$$libinit$$00000023          0x080002be   Section        0  libinit2.o(.ARM.Collect$$libinit$$00000023)
    .ARM.Collect$$libinit$$00000025          0x080002be   Section        0  libinit2.o(.ARM.Collect$$libinit$$00000025)
    .ARM.Collect$$libinit$$00000027          0x080002be   Section        0  libinit2.o(.ARM.Collect$$libinit$$00000027)
    .ARM.Collect$$libinit$$0000002E          0x080002be   Section        0  libinit2.o(.ARM.Collect$$libinit$$0000002E)
    .ARM.Collect$$libinit$$00000030          0x080002be   Section        0  libinit2.o(.ARM.Collect$$libinit$$00000030)
    .ARM.Collect$$libinit$$00000032          0x080002be   Section        0  libinit2.o(.ARM.Collect$$libinit$$00000032)
    .ARM.Collect$$libinit$$00000034          0x080002be   Section        0  libinit2.o(.ARM.Collect$$libinit$$00000034)
    .ARM.Collect$$libinit$$00000035          0x080002be   Section        2  libinit2.o(.ARM.Collect$$libinit$$00000035)
    .ARM.Collect$$libshutdown$$00000000      0x080002c0   Section        2  libshutdown.o(.ARM.Collect$$libshutdown$$00000000)
    .ARM.Collect$$libshutdown$$00000002      0x080002c2   Section        0  libshutdown2.o(.ARM.Collect$$libshutdown$$00000002)
    .ARM.Collect$$libshutdown$$00000004      0x080002c2   Section        0  libshutdown2.o(.ARM.Collect$$libshutdown$$00000004)
    .ARM.Collect$$libshutdown$$00000007      0x080002c2   Section        0  libshutdown2.o(.ARM.Collect$$libshutdown$$00000007)
    .ARM.Collect$$libshutdown$$0000000A      0x080002c2   Section        0  libshutdown2.o(.ARM.Collect$$libshutdown$$0000000A)
    .ARM.Collect$$libshutdown$$0000000C      0x080002c2   Section        0  libshutdown2.o(.ARM.Collect$$libshutdown$$0000000C)
    .ARM.Collect$$libshutdown$$0000000F      0x080002c2   Section        0  libshutdown2.o(.ARM.Collect$$libshutdown$$0000000F)
    .ARM.Collect$$libshutdown$$00000010      0x080002c2   Section        2  libshutdown2.o(.ARM.Collect$$libshutdown$$00000010)
    .ARM.Collect$$rtentry$$00000000          0x080002c4   Section        0  __rtentry.o(.ARM.Collect$$rtentry$$00000000)
    .ARM.Collect$$rtentry$$00000002          0x080002c4   Section        0  __rtentry2.o(.ARM.Collect$$rtentry$$00000002)
    .ARM.Collect$$rtentry$$00000004          0x080002c4   Section        6  __rtentry4.o(.ARM.Collect$$rtentry$$00000004)
    .ARM.Collect$$rtentry$$00000009          0x080002ca   Section        0  __rtentry2.o(.ARM.Collect$$rtentry$$00000009)
    .ARM.Collect$$rtentry$$0000000A          0x080002ca   Section        4  __rtentry2.o(.ARM.Collect$$rtentry$$0000000A)
    .ARM.Collect$$rtentry$$0000000C          0x080002ce   Section        0  __rtentry2.o(.ARM.Collect$$rtentry$$0000000C)
    .ARM.Collect$$rtentry$$0000000D          0x080002ce   Section        8  __rtentry2.o(.ARM.Collect$$rtentry$$0000000D)
    .ARM.Collect$$rtexit$$00000000           0x080002d6   Section        2  rtexit.o(.ARM.Collect$$rtexit$$00000000)
    .ARM.Collect$$rtexit$$00000002           0x080002d8   Section        0  rtexit2.o(.ARM.Collect$$rtexit$$00000002)
    .ARM.Collect$$rtexit$$00000003           0x080002d8   Section        4  rtexit2.o(.ARM.Collect$$rtexit$$00000003)
    .ARM.Collect$$rtexit$$00000004           0x080002dc   Section        6  rtexit2.o(.ARM.Collect$$rtexit$$00000004)
    $v0                                      0x080002e4   Number         0  startup_stm32g431xx.o(.text)
    .text                                    0x080002e4   Section       60  startup_stm32g431xx.o(.text)
    .text                                    0x08000320   Section        0  heapauxi.o(.text)
    .text                                    0x08000326   Section       74  sys_stackheap_outer.o(.text)
    .text                                    0x08000370   Section        0  exit.o(.text)
    .text                                    0x08000384   Section        8  libspace.o(.text)
    .text                                    0x0800038c   Section        0  sys_exit.o(.text)
    .text                                    0x08000398   Section        2  use_no_semi.o(.text)
    .text                                    0x0800039a   Section        0  indicate_semi.o(.text)
    .text                                    0x0800039a   Section       68  rt_memclr.o(.text)
    .text                                    0x080003de   Section       78  rt_memclr_w.o(.text)
    .text                                    0x0800042c   Section        0  _rserrno.o(.text)
    .text                                    0x08000444   Section        8  rt_errno_addr_intlibspace.o(.text)
    AUDIO_AudioCmd_FS                        0x0800044d   Thumb Code   372  lto-llvm-822f7c.o(.text.AUDIO_AudioCmd_FS)
    [Anonymous Symbol]                       0x0800044c   Section        0  lto-llvm-822f7c.o(.text.AUDIO_AudioCmd_FS)
    AUDIO_DeInit_FS                          0x080005c1   Thumb Code     4  lto-llvm-822f7c.o(.text.AUDIO_DeInit_FS)
    [Anonymous Symbol]                       0x080005c0   Section        0  lto-llvm-822f7c.o(.text.AUDIO_DeInit_FS)
    AUDIO_GetState_FS                        0x080005c5   Thumb Code     4  lto-llvm-822f7c.o(.text.AUDIO_GetState_FS)
    [Anonymous Symbol]                       0x080005c4   Section        0  lto-llvm-822f7c.o(.text.AUDIO_GetState_FS)
    AUDIO_Init_FS                            0x080005c9   Thumb Code   120  lto-llvm-822f7c.o(.text.AUDIO_Init_FS)
    [Anonymous Symbol]                       0x080005c8   Section        0  lto-llvm-822f7c.o(.text.AUDIO_Init_FS)
    AUDIO_MuteCtl_FS                         0x0800064d   Thumb Code     4  lto-llvm-822f7c.o(.text.AUDIO_MuteCtl_FS)
    [Anonymous Symbol]                       0x0800064c   Section        0  lto-llvm-822f7c.o(.text.AUDIO_MuteCtl_FS)
    AUDIO_PeriodicTC_FS                      0x08000651   Thumb Code     4  lto-llvm-822f7c.o(.text.AUDIO_PeriodicTC_FS)
    [Anonymous Symbol]                       0x08000650   Section        0  lto-llvm-822f7c.o(.text.AUDIO_PeriodicTC_FS)
    AUDIO_VolumeCtl_FS                       0x08000659   Thumb Code   120  lto-llvm-822f7c.o(.text.AUDIO_VolumeCtl_FS)
    [Anonymous Symbol]                       0x08000658   Section        0  lto-llvm-822f7c.o(.text.AUDIO_VolumeCtl_FS)
    [Anonymous Symbol]                       0x080006dc   Section        0  lto-llvm-822f7c.o(.text.BusFault_Handler)
    [Anonymous Symbol]                       0x080006e0   Section        0  lto-llvm-822f7c.o(.text.DMA1_Channel1_IRQHandler)
    [Anonymous Symbol]                       0x08000794   Section        0  lto-llvm-822f7c.o(.text.DebugMon_Handler)
    HAL_GPIO_Init                            0x08000799   Thumb Code   418  lto-llvm-822f7c.o(.text.HAL_GPIO_Init)
    [Anonymous Symbol]                       0x08000798   Section        0  lto-llvm-822f7c.o(.text.HAL_GPIO_Init)
    HAL_I2C_Init                             0x0800093d   Thumb Code   480  lto-llvm-822f7c.o(.text.HAL_I2C_Init)
    [Anonymous Symbol]                       0x0800093c   Section        0  lto-llvm-822f7c.o(.text.HAL_I2C_Init)
    HAL_I2C_Master_Transmit                  0x08000b1d   Thumb Code   436  lto-llvm-822f7c.o(.text.HAL_I2C_Master_Transmit)
    [Anonymous Symbol]                       0x08000b1c   Section        0  lto-llvm-822f7c.o(.text.HAL_I2C_Master_Transmit)
    HAL_PCDEx_LPM_Callback                   0x08000cd1   Thumb Code   110  lto-llvm-822f7c.o(.text.HAL_PCDEx_LPM_Callback)
    [Anonymous Symbol]                       0x08000cd0   Section        0  lto-llvm-822f7c.o(.text.HAL_PCDEx_LPM_Callback)
    HAL_PCD_DataInStageCallback              0x08000d41   Thumb Code   292  lto-llvm-822f7c.o(.text.HAL_PCD_DataInStageCallback)
    [Anonymous Symbol]                       0x08000d40   Section        0  lto-llvm-822f7c.o(.text.HAL_PCD_DataInStageCallback)
    HAL_PCD_DataOutStageCallback             0x08000e65   Thumb Code   186  lto-llvm-822f7c.o(.text.HAL_PCD_DataOutStageCallback)
    [Anonymous Symbol]                       0x08000e64   Section        0  lto-llvm-822f7c.o(.text.HAL_PCD_DataOutStageCallback)
    HAL_RCCEx_PeriphCLKConfig                0x08000f21   Thumb Code   742  lto-llvm-822f7c.o(.text.HAL_RCCEx_PeriphCLKConfig)
    [Anonymous Symbol]                       0x08000f20   Section        0  lto-llvm-822f7c.o(.text.HAL_RCCEx_PeriphCLKConfig)
    HAL_RCC_ClockConfig                      0x08001209   Thumb Code   916  lto-llvm-822f7c.o(.text.HAL_RCC_ClockConfig)
    [Anonymous Symbol]                       0x08001208   Section        0  lto-llvm-822f7c.o(.text.HAL_RCC_ClockConfig)
    AHBPrescTable                            0x0800159c   Number         0  lto-llvm-822f7c.o(.text.HAL_RCC_ClockConfig)
    HAL_RCC_OscConfig                        0x080015ad   Thumb Code  2106  lto-llvm-822f7c.o(.text.HAL_RCC_OscConfig)
    [Anonymous Symbol]                       0x080015ac   Section        0  lto-llvm-822f7c.o(.text.HAL_RCC_OscConfig)
    HAL_TIM_PWM_Start                        0x08001de9   Thumb Code   316  lto-llvm-822f7c.o(.text.HAL_TIM_PWM_Start)
    [Anonymous Symbol]                       0x08001de8   Section        0  lto-llvm-822f7c.o(.text.HAL_TIM_PWM_Start)
    [Anonymous Symbol]                       0x08001f24   Section        0  lto-llvm-822f7c.o(.text.HardFault_Handler)
    I2C_IsErrorOccurred                      0x08001f29   Thumb Code   434  lto-llvm-822f7c.o(.text.I2C_IsErrorOccurred)
    [Anonymous Symbol]                       0x08001f28   Section        0  lto-llvm-822f7c.o(.text.I2C_IsErrorOccurred)
    I2S_DMAError                             0x080020dd   Thumb Code    34  lto-llvm-822f7c.o(.text.I2S_DMAError)
    [Anonymous Symbol]                       0x080020dc   Section        0  lto-llvm-822f7c.o(.text.I2S_DMAError)
    I2S_DMATxCplt                            0x08002101   Thumb Code   164  lto-llvm-822f7c.o(.text.I2S_DMATxCplt)
    [Anonymous Symbol]                       0x08002100   Section        0  lto-llvm-822f7c.o(.text.I2S_DMATxCplt)
    I2S_DMATxHalfCplt                        0x080021a5   Thumb Code    52  lto-llvm-822f7c.o(.text.I2S_DMATxHalfCplt)
    [Anonymous Symbol]                       0x080021a4   Section        0  lto-llvm-822f7c.o(.text.I2S_DMATxHalfCplt)
    [Anonymous Symbol]                       0x080021d8   Section        0  lto-llvm-822f7c.o(.text.MemManage_Handler)
    [Anonymous Symbol]                       0x080021dc   Section        0  lto-llvm-822f7c.o(.text.NMI_Handler)
    [Anonymous Symbol]                       0x080021e0   Section        0  lto-llvm-822f7c.o(.text.PendSV_Handler)
    [Anonymous Symbol]                       0x080021e4   Section        0  lto-llvm-822f7c.o(.text.SPI2_IRQHandler)
    [Anonymous Symbol]                       0x0800230c   Section        0  lto-llvm-822f7c.o(.text.SVC_Handler)
    [Anonymous Symbol]                       0x08002310   Section        0  lto-llvm-822f7c.o(.text.SysTick_Handler)
    SystemClock_Config                       0x08002321   Thumb Code   218  lto-llvm-822f7c.o(.text.SystemClock_Config)
    [Anonymous Symbol]                       0x08002320   Section        0  lto-llvm-822f7c.o(.text.SystemClock_Config)
    [Anonymous Symbol]                       0x080023fc   Section        0  lto-llvm-822f7c.o(.text.SystemInit)
    TIM_Base_SetConfig                       0x08002411   Thumb Code   278  lto-llvm-822f7c.o(.text.TIM_Base_SetConfig)
    [Anonymous Symbol]                       0x08002410   Section        0  lto-llvm-822f7c.o(.text.TIM_Base_SetConfig)
    USBD_AUDIO_ConfigStrDescriptor           0x08002529   Thumb Code    20  lto-llvm-822f7c.o(.text.USBD_AUDIO_ConfigStrDescriptor)
    [Anonymous Symbol]                       0x08002528   Section        0  lto-llvm-822f7c.o(.text.USBD_AUDIO_ConfigStrDescriptor)
    USBD_AUDIO_DataIn                        0x0800254d   Thumb Code     4  lto-llvm-822f7c.o(.text.USBD_AUDIO_DataIn)
    [Anonymous Symbol]                       0x0800254c   Section        0  lto-llvm-822f7c.o(.text.USBD_AUDIO_DataIn)
    USBD_AUDIO_DataOut                       0x08002551   Thumb Code   158  lto-llvm-822f7c.o(.text.USBD_AUDIO_DataOut)
    [Anonymous Symbol]                       0x08002550   Section        0  lto-llvm-822f7c.o(.text.USBD_AUDIO_DataOut)
    USBD_AUDIO_DeInit                        0x080025f1   Thumb Code   176  lto-llvm-822f7c.o(.text.USBD_AUDIO_DeInit)
    [Anonymous Symbol]                       0x080025f0   Section        0  lto-llvm-822f7c.o(.text.USBD_AUDIO_DeInit)
    USBD_AUDIO_DeviceDescriptor              0x080026a1   Thumb Code    14  lto-llvm-822f7c.o(.text.USBD_AUDIO_DeviceDescriptor)
    [Anonymous Symbol]                       0x080026a0   Section        0  lto-llvm-822f7c.o(.text.USBD_AUDIO_DeviceDescriptor)
    USBD_AUDIO_EP0_RxReady                   0x080026b1   Thumb Code    68  lto-llvm-822f7c.o(.text.USBD_AUDIO_EP0_RxReady)
    [Anonymous Symbol]                       0x080026b0   Section        0  lto-llvm-822f7c.o(.text.USBD_AUDIO_EP0_RxReady)
    USBD_AUDIO_EP0_TxReady                   0x080026f5   Thumb Code     4  lto-llvm-822f7c.o(.text.USBD_AUDIO_EP0_TxReady)
    [Anonymous Symbol]                       0x080026f4   Section        0  lto-llvm-822f7c.o(.text.USBD_AUDIO_EP0_TxReady)
    USBD_AUDIO_GetCfgDesc                    0x080026f9   Thumb Code    16  lto-llvm-822f7c.o(.text.USBD_AUDIO_GetCfgDesc)
    [Anonymous Symbol]                       0x080026f8   Section        0  lto-llvm-822f7c.o(.text.USBD_AUDIO_GetCfgDesc)
    USBD_AUDIO_GetDeviceQualifierDesc        0x08002709   Thumb Code    16  lto-llvm-822f7c.o(.text.USBD_AUDIO_GetDeviceQualifierDesc)
    [Anonymous Symbol]                       0x08002708   Section        0  lto-llvm-822f7c.o(.text.USBD_AUDIO_GetDeviceQualifierDesc)
    USBD_AUDIO_Init                          0x08002719   Thumb Code   128  lto-llvm-822f7c.o(.text.USBD_AUDIO_Init)
    [Anonymous Symbol]                       0x08002718   Section        0  lto-llvm-822f7c.o(.text.USBD_AUDIO_Init)
    USBD_AUDIO_InterfaceStrDescriptor        0x08002799   Thumb Code    20  lto-llvm-822f7c.o(.text.USBD_AUDIO_InterfaceStrDescriptor)
    [Anonymous Symbol]                       0x08002798   Section        0  lto-llvm-822f7c.o(.text.USBD_AUDIO_InterfaceStrDescriptor)
    USBD_AUDIO_IsoINIncomplete               0x080027bd   Thumb Code     4  lto-llvm-822f7c.o(.text.USBD_AUDIO_IsoINIncomplete)
    [Anonymous Symbol]                       0x080027bc   Section        0  lto-llvm-822f7c.o(.text.USBD_AUDIO_IsoINIncomplete)
    USBD_AUDIO_IsoOutIncomplete              0x080027c1   Thumb Code     4  lto-llvm-822f7c.o(.text.USBD_AUDIO_IsoOutIncomplete)
    [Anonymous Symbol]                       0x080027c0   Section        0  lto-llvm-822f7c.o(.text.USBD_AUDIO_IsoOutIncomplete)
    USBD_AUDIO_LangIDStrDescriptor           0x080027c5   Thumb Code    14  lto-llvm-822f7c.o(.text.USBD_AUDIO_LangIDStrDescriptor)
    [Anonymous Symbol]                       0x080027c4   Section        0  lto-llvm-822f7c.o(.text.USBD_AUDIO_LangIDStrDescriptor)
    USBD_AUDIO_ManufacturerStrDescriptor     0x080027d5   Thumb Code    20  lto-llvm-822f7c.o(.text.USBD_AUDIO_ManufacturerStrDescriptor)
    [Anonymous Symbol]                       0x080027d4   Section        0  lto-llvm-822f7c.o(.text.USBD_AUDIO_ManufacturerStrDescriptor)
    USBD_AUDIO_ProductStrDescriptor          0x080027fd   Thumb Code    20  lto-llvm-822f7c.o(.text.USBD_AUDIO_ProductStrDescriptor)
    [Anonymous Symbol]                       0x080027fc   Section        0  lto-llvm-822f7c.o(.text.USBD_AUDIO_ProductStrDescriptor)
    USBD_AUDIO_SOF                           0x08002825   Thumb Code     4  lto-llvm-822f7c.o(.text.USBD_AUDIO_SOF)
    [Anonymous Symbol]                       0x08002824   Section        0  lto-llvm-822f7c.o(.text.USBD_AUDIO_SOF)
    USBD_AUDIO_SerialStrDescriptor           0x08002829   Thumb Code   368  lto-llvm-822f7c.o(.text.USBD_AUDIO_SerialStrDescriptor)
    [Anonymous Symbol]                       0x08002828   Section        0  lto-llvm-822f7c.o(.text.USBD_AUDIO_SerialStrDescriptor)
    USBD_AUDIO_Setup                         0x08002999   Thumb Code   416  lto-llvm-822f7c.o(.text.USBD_AUDIO_Setup)
    [Anonymous Symbol]                       0x08002998   Section        0  lto-llvm-822f7c.o(.text.USBD_AUDIO_Setup)
    USBD_CtlError                            0x08002b39   Thumb Code   102  lto-llvm-822f7c.o(.text.USBD_CtlError)
    [Anonymous Symbol]                       0x08002b38   Section        0  lto-llvm-822f7c.o(.text.USBD_CtlError)
    USBD_CtlSendData                         0x08002ba1   Thumb Code    46  lto-llvm-822f7c.o(.text.USBD_CtlSendData)
    [Anonymous Symbol]                       0x08002ba0   Section        0  lto-llvm-822f7c.o(.text.USBD_CtlSendData)
    USBD_CtlSendStatus                       0x08002bd1   Thumb Code    42  lto-llvm-822f7c.o(.text.USBD_CtlSendStatus)
    [Anonymous Symbol]                       0x08002bd0   Section        0  lto-llvm-822f7c.o(.text.USBD_CtlSendStatus)
    USBD_GetString                           0x08002bfd   Thumb Code   210  lto-llvm-822f7c.o(.text.USBD_GetString)
    [Anonymous Symbol]                       0x08002bfc   Section        0  lto-llvm-822f7c.o(.text.USBD_GetString)
    USBD_LL_ClearStallEP                     0x08002cd1   Thumb Code   180  lto-llvm-822f7c.o(.text.USBD_LL_ClearStallEP)
    [Anonymous Symbol]                       0x08002cd0   Section        0  lto-llvm-822f7c.o(.text.USBD_LL_ClearStallEP)
    USBD_LL_OpenEP                           0x08002d85   Thumb Code   656  lto-llvm-822f7c.o(.text.USBD_LL_OpenEP)
    [Anonymous Symbol]                       0x08002d84   Section        0  lto-llvm-822f7c.o(.text.USBD_LL_OpenEP)
    USBD_LL_StallEP                          0x08003015   Thumb Code   136  lto-llvm-822f7c.o(.text.USBD_LL_StallEP)
    [Anonymous Symbol]                       0x08003014   Section        0  lto-llvm-822f7c.o(.text.USBD_LL_StallEP)
    USB_EPStartXfer                          0x0800309d   Thumb Code  2038  lto-llvm-822f7c.o(.text.USB_EPStartXfer)
    [Anonymous Symbol]                       0x0800309c   Section        0  lto-llvm-822f7c.o(.text.USB_EPStartXfer)
    [Anonymous Symbol]                       0x08003894   Section        0  lto-llvm-822f7c.o(.text.USB_LP_IRQHandler)
    USB_ReadPMA                              0x08004ab9   Thumb Code   148  lto-llvm-822f7c.o(.text.USB_ReadPMA)
    [Anonymous Symbol]                       0x08004ab8   Section        0  lto-llvm-822f7c.o(.text.USB_ReadPMA)
    USB_WritePMA                             0x08004b4d   Thumb Code   148  lto-llvm-822f7c.o(.text.USB_WritePMA)
    [Anonymous Symbol]                       0x08004b4c   Section        0  lto-llvm-822f7c.o(.text.USB_WritePMA)
    [Anonymous Symbol]                       0x08004be0   Section        0  lto-llvm-822f7c.o(.text.UsageFault_Handler)
    [Anonymous Symbol]                       0x08004be8   Section        0  lto-llvm-822f7c.o(.text.main)
    i.__hardfp_sqrt                          0x08005e74   Section        0  sqrt.o(i.__hardfp_sqrt)
    $v0                                      0x08005ef0   Number         0  d2f.o(x$fpl$d2f)
    x$fpl$d2f                                0x08005ef0   Section       98  d2f.o(x$fpl$d2f)
    $v0                                      0x08005f52   Number         0  dflt_clz.o(x$fpl$dfltu)
    x$fpl$dfltu                              0x08005f52   Section       38  dflt_clz.o(x$fpl$dfltu)
    $v0                                      0x08005f78   Number         0  dmul.o(x$fpl$dmul)
    x$fpl$dmul                               0x08005f78   Section      340  dmul.o(x$fpl$dmul)
    $v0                                      0x080060cc   Number         0  dnaninf.o(x$fpl$dnaninf)
    x$fpl$dnaninf                            0x080060cc   Section      156  dnaninf.o(x$fpl$dnaninf)
    $v0                                      0x08006168   Number         0  dretinf.o(x$fpl$dretinf)
    x$fpl$dretinf                            0x08006168   Section       12  dretinf.o(x$fpl$dretinf)
    $v0                                      0x08006174   Number         0  dsqrt_umaal.o(x$fpl$dsqrt)
    x$fpl$dsqrt                              0x08006174   Section      408  dsqrt_umaal.o(x$fpl$dsqrt)
    $v0                                      0x0800630c   Number         0  fpinit.o(x$fpl$fpinit)
    x$fpl$fpinit                             0x0800630c   Section       26  fpinit.o(x$fpl$fpinit)
    $v0                                      0x08006326   Number         0  fretinf.o(x$fpl$fretinf)
    x$fpl$fretinf                            0x08006326   Section       10  fretinf.o(x$fpl$fretinf)
    x$fpl$usenofp                            0x08006330   Section        0  usenofp.o(x$fpl$usenofp)
    AUDIO_Desc                               0x20000000   Data          32  lto-llvm-822f7c.o(.data.AUDIO_Desc)
    [Anonymous Symbol]                       0x20000000   Section        0  lto-llvm-822f7c.o(.data.AUDIO_Desc)
    SystemCoreClock                          0x20000020   Data           4  lto-llvm-822f7c.o(.data.SystemCoreClock)
    [Anonymous Symbol]                       0x20000020   Section        0  lto-llvm-822f7c.o(.data.SystemCoreClock)
    USBD_AUDIO                               0x20000024   Data          56  lto-llvm-822f7c.o(.data.USBD_AUDIO)
    [Anonymous Symbol]                       0x20000024   Section        0  lto-llvm-822f7c.o(.data.USBD_AUDIO)
    USBD_AUDIO_CfgDesc                       0x2000005c   Data         109  lto-llvm-822f7c.o(.data.USBD_AUDIO_CfgDesc)
    [Anonymous Symbol]                       0x2000005c   Section        0  lto-llvm-822f7c.o(.data.USBD_AUDIO_CfgDesc)
    USBD_AUDIO_DeviceDesc                    0x200000cc   Data          18  lto-llvm-822f7c.o(.data.USBD_AUDIO_DeviceDesc)
    [Anonymous Symbol]                       0x200000cc   Section        0  lto-llvm-822f7c.o(.data.USBD_AUDIO_DeviceDesc)
    USBD_AUDIO_DeviceQualifierDesc           0x200000e0   Data          10  lto-llvm-822f7c.o(.data.USBD_AUDIO_DeviceQualifierDesc)
    [Anonymous Symbol]                       0x200000e0   Section        0  lto-llvm-822f7c.o(.data.USBD_AUDIO_DeviceQualifierDesc)
    USBD_AUDIO_fops_FS                       0x200000ec   Data          28  lto-llvm-822f7c.o(.data.USBD_AUDIO_fops_FS)
    [Anonymous Symbol]                       0x200000ec   Section        0  lto-llvm-822f7c.o(.data.USBD_AUDIO_fops_FS)
    USBD_LangIDDesc                          0x20000108   Data           4  lto-llvm-822f7c.o(.data.USBD_LangIDDesc)
    [Anonymous Symbol]                       0x20000108   Section        0  lto-llvm-822f7c.o(.data.USBD_LangIDDesc)
    USBD_StringSerial                        0x2000010c   Data          26  lto-llvm-822f7c.o(.data.USBD_StringSerial)
    [Anonymous Symbol]                       0x2000010c   Section        0  lto-llvm-822f7c.o(.data.USBD_StringSerial)
    g_volume                                 0x20000128   Data           4  lto-llvm-822f7c.o(.data.g_volume)
    [Anonymous Symbol]                       0x20000128   Section        0  lto-llvm-822f7c.o(.data.g_volume)
    .bss                                     0x20000130   Section       96  libspace.o(.bss)
    USBD_SetConfig.cfgidx                    0x20000190   Data           1  lto-llvm-822f7c.o(.bss.USBD_SetConfig.cfgidx)
    [Anonymous Symbol]                       0x20000190   Section        0  lto-llvm-822f7c.o(.bss.USBD_SetConfig.cfgidx)
    USBD_StrDesc                             0x20000194   Data         512  lto-llvm-822f7c.o(.bss.USBD_StrDesc)
    [Anonymous Symbol]                       0x20000194   Section        0  lto-llvm-822f7c.o(.bss.USBD_StrDesc)
    USBD_static_malloc.mem                   0x20000394   Data       15444  lto-llvm-822f7c.o(.bss.USBD_static_malloc.mem)
    [Anonymous Symbol]                       0x20000394   Section        0  lto-llvm-822f7c.o(.bss.USBD_static_malloc.mem)
    g_usb_state                              0x20003fe8   Data           1  lto-llvm-822f7c.o(.bss.g_usb_state)
    [Anonymous Symbol]                       0x20003fe8   Section        0  lto-llvm-822f7c.o(.bss.g_usb_state)
    hUsbDeviceFS                             0x20003fec   Data         720  lto-llvm-822f7c.o(.bss.hUsbDeviceFS)
    [Anonymous Symbol]                       0x20003fec   Section        0  lto-llvm-822f7c.o(.bss.hUsbDeviceFS)
    hdma_spi2_tx                             0x200042bc   Data          96  lto-llvm-822f7c.o(.bss.hdma_spi2_tx)
    [Anonymous Symbol]                       0x200042bc   Section        0  lto-llvm-822f7c.o(.bss.hdma_spi2_tx)
    hi2c1                                    0x2000431c   Data          84  lto-llvm-822f7c.o(.bss.hi2c1)
    [Anonymous Symbol]                       0x2000431c   Section        0  lto-llvm-822f7c.o(.bss.hi2c1)
    hi2c2                                    0x20004370   Data          84  lto-llvm-822f7c.o(.bss.hi2c2)
    [Anonymous Symbol]                       0x20004370   Section        0  lto-llvm-822f7c.o(.bss.hi2c2)
    hi2s2                                    0x200043c4   Data          60  lto-llvm-822f7c.o(.bss.hi2s2)
    [Anonymous Symbol]                       0x200043c4   Section        0  lto-llvm-822f7c.o(.bss.hi2s2)
    hpcd_USB_FS                              0x20004400   Data         732  lto-llvm-822f7c.o(.bss.hpcd_USB_FS)
    [Anonymous Symbol]                       0x20004400   Section        0  lto-llvm-822f7c.o(.bss.hpcd_USB_FS)
    htim2                                    0x200046dc   Data          76  lto-llvm-822f7c.o(.bss.htim2)
    [Anonymous Symbol]                       0x200046dc   Section        0  lto-llvm-822f7c.o(.bss.htim2)
    uwTick                                   0x20004728   Data           4  lto-llvm-822f7c.o(.bss.uwTick)
    [Anonymous Symbol]                       0x20004728   Section        0  lto-llvm-822f7c.o(.bss.uwTick)
    uwTickPrio                               0x2000472c   Data           1  lto-llvm-822f7c.o(.bss.uwTickPrio)
    [Anonymous Symbol]                       0x2000472c   Section        0  lto-llvm-822f7c.o(.bss.uwTickPrio)
    Heap_Mem                                 0x20004730   Data           0  startup_stm32g431xx.o(HEAP)
    Stack_Mem                                0x20004730   Data        1024  startup_stm32g431xx.o(STACK)
    HEAP                                     0x20004730   Section        0  startup_stm32g431xx.o(HEAP)
    STACK                                    0x20004730   Section     1024  startup_stm32g431xx.o(STACK)
    __initial_sp                             0x20004b30   Data           0  startup_stm32g431xx.o(STACK)

    Global Symbols

    Symbol Name                              Value     Ov Type        Size  Object(Section)

    BuildAttributes$$THM_ISAv4$E$P$D$K$B$S$7EM$VFPi3$EXTD16$VFPS$VFMA$PE$A:L22UL41UL21$X:L11$S22US41US21$IEEE1$IW$~IW$USESV6$~STKCKD$USESV7$~SHL$OTIME$ROPI$IEEEF$EBA8$UX$STANDARDLIB$REQ8$PRES8$EABIv2 0x00000000   Number         0  anon$$obj.o ABSOLUTE
    __ARM_exceptions_init                     - Undefined Weak Reference
    __alloca_initialize                       - Undefined Weak Reference
    __arm_preinit_                            - Undefined Weak Reference
    __arm_relocate_pie_                       - Undefined Weak Reference
    __cpp_initialize__aeabi_                  - Undefined Weak Reference
    __cxa_finalize                            - Undefined Weak Reference
    __rt_locale                               - Undefined Weak Reference
    __sigvec_lookup                           - Undefined Weak Reference
    _atexit_init                              - Undefined Weak Reference
    _call_atexit_fns                          - Undefined Weak Reference
    _clock_init                               - Undefined Weak Reference
    _fp_trap_init                             - Undefined Weak Reference
    _fp_trap_shutdown                         - Undefined Weak Reference
    _get_lc_collate                           - Undefined Weak Reference
    _get_lc_ctype                             - Undefined Weak Reference
    _get_lc_monetary                          - Undefined Weak Reference
    _get_lc_numeric                           - Undefined Weak Reference
    _get_lc_time                              - Undefined Weak Reference
    _getenv_init                              - Undefined Weak Reference
    _handle_redirection                       - Undefined Weak Reference
    _init_alloc                               - Undefined Weak Reference
    _init_user_alloc                          - Undefined Weak Reference
    _initio                                   - Undefined Weak Reference
    _rand_init                                - Undefined Weak Reference
    _signal_finish                            - Undefined Weak Reference
    _signal_init                              - Undefined Weak Reference
    _terminate_alloc                          - Undefined Weak Reference
    _terminate_user_alloc                     - Undefined Weak Reference
    _terminateio                              - Undefined Weak Reference
    __Vectors_Size                           0x000001d8   Number         0  startup_stm32g431xx.o ABSOLUTE
    __Vectors                                0x08000000   Data           4  startup_stm32g431xx.o(RESET)
    __Vectors_End                            0x080001d8   Data           0  startup_stm32g431xx.o(RESET)
    __main                                   0x080001d9   Thumb Code     8  __main.o(!!!main)
    __scatterload                            0x080001e1   Thumb Code     0  __scatter.o(!!!scatter)
    __scatterload_rt2                        0x080001e1   Thumb Code    84  __scatter.o(!!!scatter)
    __scatterload_rt2_thumb_only             0x080001e1   Thumb Code     0  __scatter.o(!!!scatter)
    __scatterload_loop                       0x080001eb   Thumb Code     0  __scatter.o(!!!scatter)
    __decompress                             0x0800023d   Thumb Code    90  __dczerorl2.o(!!dczerorl2)
    __decompress1                            0x0800023d   Thumb Code     0  __dczerorl2.o(!!dczerorl2)
    __scatterload_null                       0x08000299   Thumb Code     2  __scatter.o(!!handler_null)
    __scatterload_zeroinit                   0x0800029d   Thumb Code    28  __scatter_zi.o(!!handler_zi)
    __rt_lib_init                            0x080002b9   Thumb Code     0  libinit.o(.ARM.Collect$$libinit$$00000000)
    __rt_lib_init_fp_1                       0x080002bb   Thumb Code     0  libinit2.o(.ARM.Collect$$libinit$$00000001)
    __rt_lib_init_alloca_1                   0x080002bf   Thumb Code     0  libinit2.o(.ARM.Collect$$libinit$$00000030)
    __rt_lib_init_argv_1                     0x080002bf   Thumb Code     0  libinit2.o(.ARM.Collect$$libinit$$0000002E)
    __rt_lib_init_atexit_1                   0x080002bf   Thumb Code     0  libinit2.o(.ARM.Collect$$libinit$$0000001D)
    __rt_lib_init_clock_1                    0x080002bf   Thumb Code     0  libinit2.o(.ARM.Collect$$libinit$$00000023)
    __rt_lib_init_cpp_1                      0x080002bf   Thumb Code     0  libinit2.o(.ARM.Collect$$libinit$$00000034)
    __rt_lib_init_exceptions_1               0x080002bf   Thumb Code     0  libinit2.o(.ARM.Collect$$libinit$$00000032)
    __rt_lib_init_fp_trap_1                  0x080002bf   Thumb Code     0  libinit2.o(.ARM.Collect$$libinit$$00000021)
    __rt_lib_init_getenv_1                   0x080002bf   Thumb Code     0  libinit2.o(.ARM.Collect$$libinit$$00000025)
    __rt_lib_init_heap_1                     0x080002bf   Thumb Code     0  libinit2.o(.ARM.Collect$$libinit$$0000000C)
    __rt_lib_init_lc_collate_1               0x080002bf   Thumb Code     0  libinit2.o(.ARM.Collect$$libinit$$00000013)
    __rt_lib_init_lc_ctype_1                 0x080002bf   Thumb Code     0  libinit2.o(.ARM.Collect$$libinit$$00000015)
    __rt_lib_init_lc_monetary_1              0x080002bf   Thumb Code     0  libinit2.o(.ARM.Collect$$libinit$$00000017)
    __rt_lib_init_lc_numeric_1               0x080002bf   Thumb Code     0  libinit2.o(.ARM.Collect$$libinit$$00000019)
    __rt_lib_init_lc_time_1                  0x080002bf   Thumb Code     0  libinit2.o(.ARM.Collect$$libinit$$0000001B)
    __rt_lib_init_preinit_1                  0x080002bf   Thumb Code     0  libinit2.o(.ARM.Collect$$libinit$$00000006)
    __rt_lib_init_rand_1                     0x080002bf   Thumb Code     0  libinit2.o(.ARM.Collect$$libinit$$00000010)
    __rt_lib_init_relocate_pie_1             0x080002bf   Thumb Code     0  libinit2.o(.ARM.Collect$$libinit$$00000004)
    __rt_lib_init_return                     0x080002bf   Thumb Code     0  libinit2.o(.ARM.Collect$$libinit$$00000035)
    __rt_lib_init_signal_1                   0x080002bf   Thumb Code     0  libinit2.o(.ARM.Collect$$libinit$$0000001F)
    __rt_lib_init_stdio_1                    0x080002bf   Thumb Code     0  libinit2.o(.ARM.Collect$$libinit$$00000027)
    __rt_lib_init_user_alloc_1               0x080002bf   Thumb Code     0  libinit2.o(.ARM.Collect$$libinit$$0000000E)
    __rt_lib_shutdown                        0x080002c1   Thumb Code     0  libshutdown.o(.ARM.Collect$$libshutdown$$00000000)
    __rt_lib_shutdown_cpp_1                  0x080002c3   Thumb Code     0  libshutdown2.o(.ARM.Collect$$libshutdown$$00000002)
    __rt_lib_shutdown_fp_trap_1              0x080002c3   Thumb Code     0  libshutdown2.o(.ARM.Collect$$libshutdown$$00000007)
    __rt_lib_shutdown_heap_1                 0x080002c3   Thumb Code     0  libshutdown2.o(.ARM.Collect$$libshutdown$$0000000F)
    __rt_lib_shutdown_return                 0x080002c3   Thumb Code     0  libshutdown2.o(.ARM.Collect$$libshutdown$$00000010)
    __rt_lib_shutdown_signal_1               0x080002c3   Thumb Code     0  libshutdown2.o(.ARM.Collect$$libshutdown$$0000000A)
    __rt_lib_shutdown_stdio_1                0x080002c3   Thumb Code     0  libshutdown2.o(.ARM.Collect$$libshutdown$$00000004)
    __rt_lib_shutdown_user_alloc_1           0x080002c3   Thumb Code     0  libshutdown2.o(.ARM.Collect$$libshutdown$$0000000C)
    __rt_entry                               0x080002c5   Thumb Code     0  __rtentry.o(.ARM.Collect$$rtentry$$00000000)
    __rt_entry_presh_1                       0x080002c5   Thumb Code     0  __rtentry2.o(.ARM.Collect$$rtentry$$00000002)
    __rt_entry_sh                            0x080002c5   Thumb Code     0  __rtentry4.o(.ARM.Collect$$rtentry$$00000004)
    __rt_entry_li                            0x080002cb   Thumb Code     0  __rtentry2.o(.ARM.Collect$$rtentry$$0000000A)
    __rt_entry_postsh_1                      0x080002cb   Thumb Code     0  __rtentry2.o(.ARM.Collect$$rtentry$$00000009)
    __rt_entry_main                          0x080002cf   Thumb Code     0  __rtentry2.o(.ARM.Collect$$rtentry$$0000000D)
    __rt_entry_postli_1                      0x080002cf   Thumb Code     0  __rtentry2.o(.ARM.Collect$$rtentry$$0000000C)
    __rt_exit                                0x080002d7   Thumb Code     0  rtexit.o(.ARM.Collect$$rtexit$$00000000)
    __rt_exit_ls                             0x080002d9   Thumb Code     0  rtexit2.o(.ARM.Collect$$rtexit$$00000003)
    __rt_exit_prels_1                        0x080002d9   Thumb Code     0  rtexit2.o(.ARM.Collect$$rtexit$$00000002)
    __rt_exit_exit                           0x080002dd   Thumb Code     0  rtexit2.o(.ARM.Collect$$rtexit$$00000004)
    Reset_Handler                            0x080002e5   Thumb Code     8  startup_stm32g431xx.o(.text)
    ADC1_2_IRQHandler                        0x080002ff   Thumb Code     0  startup_stm32g431xx.o(.text)
    COMP1_2_3_IRQHandler                     0x080002ff   Thumb Code     0  startup_stm32g431xx.o(.text)
    COMP4_IRQHandler                         0x080002ff   Thumb Code     0  startup_stm32g431xx.o(.text)
    CORDIC_IRQHandler                        0x080002ff   Thumb Code     0  startup_stm32g431xx.o(.text)
    CRS_IRQHandler                           0x080002ff   Thumb Code     0  startup_stm32g431xx.o(.text)
    DMA1_Channel2_IRQHandler                 0x080002ff   Thumb Code     0  startup_stm32g431xx.o(.text)
    DMA1_Channel3_IRQHandler                 0x080002ff   Thumb Code     0  startup_stm32g431xx.o(.text)
    DMA1_Channel4_IRQHandler                 0x080002ff   Thumb Code     0  startup_stm32g431xx.o(.text)
    DMA1_Channel5_IRQHandler                 0x080002ff   Thumb Code     0  startup_stm32g431xx.o(.text)
    DMA1_Channel6_IRQHandler                 0x080002ff   Thumb Code     0  startup_stm32g431xx.o(.text)
    DMA2_Channel1_IRQHandler                 0x080002ff   Thumb Code     0  startup_stm32g431xx.o(.text)
    DMA2_Channel2_IRQHandler                 0x080002ff   Thumb Code     0  startup_stm32g431xx.o(.text)
    DMA2_Channel3_IRQHandler                 0x080002ff   Thumb Code     0  startup_stm32g431xx.o(.text)
    DMA2_Channel4_IRQHandler                 0x080002ff   Thumb Code     0  startup_stm32g431xx.o(.text)
    DMA2_Channel5_IRQHandler                 0x080002ff   Thumb Code     0  startup_stm32g431xx.o(.text)
    DMA2_Channel6_IRQHandler                 0x080002ff   Thumb Code     0  startup_stm32g431xx.o(.text)
    DMAMUX_OVR_IRQHandler                    0x080002ff   Thumb Code     0  startup_stm32g431xx.o(.text)
    EXTI0_IRQHandler                         0x080002ff   Thumb Code     0  startup_stm32g431xx.o(.text)
    EXTI15_10_IRQHandler                     0x080002ff   Thumb Code     0  startup_stm32g431xx.o(.text)
    EXTI1_IRQHandler                         0x080002ff   Thumb Code     0  startup_stm32g431xx.o(.text)
    EXTI2_IRQHandler                         0x080002ff   Thumb Code     0  startup_stm32g431xx.o(.text)
    EXTI3_IRQHandler                         0x080002ff   Thumb Code     0  startup_stm32g431xx.o(.text)
    EXTI4_IRQHandler                         0x080002ff   Thumb Code     0  startup_stm32g431xx.o(.text)
    EXTI9_5_IRQHandler                       0x080002ff   Thumb Code     0  startup_stm32g431xx.o(.text)
    FDCAN1_IT0_IRQHandler                    0x080002ff   Thumb Code     0  startup_stm32g431xx.o(.text)
    FDCAN1_IT1_IRQHandler                    0x080002ff   Thumb Code     0  startup_stm32g431xx.o(.text)
    FLASH_IRQHandler                         0x080002ff   Thumb Code     0  startup_stm32g431xx.o(.text)
    FMAC_IRQHandler                          0x080002ff   Thumb Code     0  startup_stm32g431xx.o(.text)
    FPU_IRQHandler                           0x080002ff   Thumb Code     0  startup_stm32g431xx.o(.text)
    I2C1_ER_IRQHandler                       0x080002ff   Thumb Code     0  startup_stm32g431xx.o(.text)
    I2C1_EV_IRQHandler                       0x080002ff   Thumb Code     0  startup_stm32g431xx.o(.text)
    I2C2_ER_IRQHandler                       0x080002ff   Thumb Code     0  startup_stm32g431xx.o(.text)
    I2C2_EV_IRQHandler                       0x080002ff   Thumb Code     0  startup_stm32g431xx.o(.text)
    I2C3_ER_IRQHandler                       0x080002ff   Thumb Code     0  startup_stm32g431xx.o(.text)
    I2C3_EV_IRQHandler                       0x080002ff   Thumb Code     0  startup_stm32g431xx.o(.text)
    LPTIM1_IRQHandler                        0x080002ff   Thumb Code     0  startup_stm32g431xx.o(.text)
    LPUART1_IRQHandler                       0x080002ff   Thumb Code     0  startup_stm32g431xx.o(.text)
    PVD_PVM_IRQHandler                       0x080002ff   Thumb Code     0  startup_stm32g431xx.o(.text)
    RCC_IRQHandler                           0x080002ff   Thumb Code     0  startup_stm32g431xx.o(.text)
    RNG_IRQHandler                           0x080002ff   Thumb Code     0  startup_stm32g431xx.o(.text)
    RTC_Alarm_IRQHandler                     0x080002ff   Thumb Code     0  startup_stm32g431xx.o(.text)
    RTC_TAMP_LSECSS_IRQHandler               0x080002ff   Thumb Code     0  startup_stm32g431xx.o(.text)
    RTC_WKUP_IRQHandler                      0x080002ff   Thumb Code     0  startup_stm32g431xx.o(.text)
    SAI1_IRQHandler                          0x080002ff   Thumb Code     0  startup_stm32g431xx.o(.text)
    SPI1_IRQHandler                          0x080002ff   Thumb Code     0  startup_stm32g431xx.o(.text)
    SPI3_IRQHandler                          0x080002ff   Thumb Code     0  startup_stm32g431xx.o(.text)
    TIM1_BRK_TIM15_IRQHandler                0x080002ff   Thumb Code     0  startup_stm32g431xx.o(.text)
    TIM1_CC_IRQHandler                       0x080002ff   Thumb Code     0  startup_stm32g431xx.o(.text)
    TIM1_TRG_COM_TIM17_IRQHandler            0x080002ff   Thumb Code     0  startup_stm32g431xx.o(.text)
    TIM1_UP_TIM16_IRQHandler                 0x080002ff   Thumb Code     0  startup_stm32g431xx.o(.text)
    TIM2_IRQHandler                          0x080002ff   Thumb Code     0  startup_stm32g431xx.o(.text)
    TIM3_IRQHandler                          0x080002ff   Thumb Code     0  startup_stm32g431xx.o(.text)
    TIM4_IRQHandler                          0x080002ff   Thumb Code     0  startup_stm32g431xx.o(.text)
    TIM6_DAC_IRQHandler                      0x080002ff   Thumb Code     0  startup_stm32g431xx.o(.text)
    TIM7_IRQHandler                          0x080002ff   Thumb Code     0  startup_stm32g431xx.o(.text)
    TIM8_BRK_IRQHandler                      0x080002ff   Thumb Code     0  startup_stm32g431xx.o(.text)
    TIM8_CC_IRQHandler                       0x080002ff   Thumb Code     0  startup_stm32g431xx.o(.text)
    TIM8_TRG_COM_IRQHandler                  0x080002ff   Thumb Code     0  startup_stm32g431xx.o(.text)
    TIM8_UP_IRQHandler                       0x080002ff   Thumb Code     0  startup_stm32g431xx.o(.text)
    UART4_IRQHandler                         0x080002ff   Thumb Code     0  startup_stm32g431xx.o(.text)
    UCPD1_IRQHandler                         0x080002ff   Thumb Code     0  startup_stm32g431xx.o(.text)
    USART1_IRQHandler                        0x080002ff   Thumb Code     0  startup_stm32g431xx.o(.text)
    USART2_IRQHandler                        0x080002ff   Thumb Code     0  startup_stm32g431xx.o(.text)
    USART3_IRQHandler                        0x080002ff   Thumb Code     0  startup_stm32g431xx.o(.text)
    USBWakeUp_IRQHandler                     0x080002ff   Thumb Code     0  startup_stm32g431xx.o(.text)
    USB_HP_IRQHandler                        0x080002ff   Thumb Code     0  startup_stm32g431xx.o(.text)
    WWDG_IRQHandler                          0x080002ff   Thumb Code     0  startup_stm32g431xx.o(.text)
    __user_initial_stackheap                 0x08000301   Thumb Code     0  startup_stm32g431xx.o(.text)
    __use_two_region_memory                  0x08000321   Thumb Code     2  heapauxi.o(.text)
    __rt_heap_escrow$2region                 0x08000323   Thumb Code     2  heapauxi.o(.text)
    __rt_heap_expand$2region                 0x08000325   Thumb Code     2  heapauxi.o(.text)
    __user_setup_stackheap                   0x08000327   Thumb Code    74  sys_stackheap_outer.o(.text)
    exit                                     0x08000371   Thumb Code    18  exit.o(.text)
    __user_libspace                          0x08000385   Thumb Code     8  libspace.o(.text)
    __user_perproc_libspace                  0x08000385   Thumb Code     0  libspace.o(.text)
    __user_perthread_libspace                0x08000385   Thumb Code     0  libspace.o(.text)
    _sys_exit                                0x0800038d   Thumb Code     8  sys_exit.o(.text)
    __I$use$semihosting                      0x08000399   Thumb Code     0  use_no_semi.o(.text)
    __use_no_semihosting_swi                 0x08000399   Thumb Code     2  use_no_semi.o(.text)
    __aeabi_memclr                           0x0800039b   Thumb Code     0  rt_memclr.o(.text)
    __rt_memclr                              0x0800039b   Thumb Code     0  rt_memclr.o(.text)
    __semihosting_library_function           0x0800039b   Thumb Code     0  indicate_semi.o(.text)
    _memset                                  0x0800039f   Thumb Code    64  rt_memclr.o(.text)
    __aeabi_memclr4                          0x080003df   Thumb Code     0  rt_memclr_w.o(.text)
    __aeabi_memclr8                          0x080003df   Thumb Code     0  rt_memclr_w.o(.text)
    __rt_memclr_w                            0x080003df   Thumb Code     0  rt_memclr_w.o(.text)
    _memset_w                                0x080003e3   Thumb Code    74  rt_memclr_w.o(.text)
    __read_errno                             0x0800042d   Thumb Code    10  _rserrno.o(.text)
    __set_errno                              0x08000437   Thumb Code    12  _rserrno.o(.text)
    __aeabi_errno_addr                       0x08000445   Thumb Code     8  rt_errno_addr_intlibspace.o(.text)
    __errno$intlibspace                      0x08000445   Thumb Code     0  rt_errno_addr_intlibspace.o(.text)
    __rt_errno_addr$intlibspace              0x08000445   Thumb Code     0  rt_errno_addr_intlibspace.o(.text)
    BusFault_Handler                         0x080006dd   Thumb Code     2  lto-llvm-822f7c.o(.text.BusFault_Handler)
    DMA1_Channel1_IRQHandler                 0x080006e1   Thumb Code   180  lto-llvm-822f7c.o(.text.DMA1_Channel1_IRQHandler)
    DebugMon_Handler                         0x08000795   Thumb Code     2  lto-llvm-822f7c.o(.text.DebugMon_Handler)
    HardFault_Handler                        0x08001f25   Thumb Code     2  lto-llvm-822f7c.o(.text.HardFault_Handler)
    MemManage_Handler                        0x080021d9   Thumb Code     2  lto-llvm-822f7c.o(.text.MemManage_Handler)
    NMI_Handler                              0x080021dd   Thumb Code     2  lto-llvm-822f7c.o(.text.NMI_Handler)
    PendSV_Handler                           0x080021e1   Thumb Code     2  lto-llvm-822f7c.o(.text.PendSV_Handler)
    SPI2_IRQHandler                          0x080021e5   Thumb Code   294  lto-llvm-822f7c.o(.text.SPI2_IRQHandler)
    SVC_Handler                              0x0800230d   Thumb Code     2  lto-llvm-822f7c.o(.text.SVC_Handler)
    SysTick_Handler                          0x08002311   Thumb Code    16  lto-llvm-822f7c.o(.text.SysTick_Handler)
    SystemInit                               0x080023fd   Thumb Code    18  lto-llvm-822f7c.o(.text.SystemInit)
    USB_LP_IRQHandler                        0x08003895   Thumb Code  4644  lto-llvm-822f7c.o(.text.USB_LP_IRQHandler)
    UsageFault_Handler                       0x08004be1   Thumb Code     2  lto-llvm-822f7c.o(.text.UsageFault_Handler)
    main                                     0x08004be9   Thumb Code  4736  lto-llvm-822f7c.o(.text.main)
    __hardfp_sqrt                            0x08005e75   Thumb Code   122  sqrt.o(i.__hardfp_sqrt)
    __aeabi_d2f                              0x08005ef1   Thumb Code     0  d2f.o(x$fpl$d2f)
    _d2f                                     0x08005ef1   Thumb Code    98  d2f.o(x$fpl$d2f)
    __aeabi_ui2d                             0x08005f53   Thumb Code     0  dflt_clz.o(x$fpl$dfltu)
    _dfltu                                   0x08005f53   Thumb Code    38  dflt_clz.o(x$fpl$dfltu)
    __aeabi_dmul                             0x08005f79   Thumb Code     0  dmul.o(x$fpl$dmul)
    _dmul                                    0x08005f79   Thumb Code   332  dmul.o(x$fpl$dmul)
    __fpl_dnaninf                            0x080060cd   Thumb Code   156  dnaninf.o(x$fpl$dnaninf)
    __fpl_dretinf                            0x08006169   Thumb Code    12  dretinf.o(x$fpl$dretinf)
    _dsqrt                                   0x08006175   Thumb Code   404  dsqrt_umaal.o(x$fpl$dsqrt)
    _fp_init                                 0x0800630d   Thumb Code    26  fpinit.o(x$fpl$fpinit)
    __fplib_config_fpu_vfp                   0x08006325   Thumb Code     0  fpinit.o(x$fpl$fpinit)
    __fplib_config_pureend_doubles           0x08006325   Thumb Code     0  fpinit.o(x$fpl$fpinit)
    __fpl_fretinf                            0x08006327   Thumb Code    10  fretinf.o(x$fpl$fretinf)
    Region$$Table$$Base                      0x08006330   Number         0  anon$$obj.o(Region$$Table)
    __I$use$fp                               0x08006330   Number         0  usenofp.o(x$fpl$usenofp)
    Region$$Table$$Limit                     0x08006350   Number         0  anon$$obj.o(Region$$Table)
    __libspace_start                         0x20000130   Data          96  libspace.o(.bss)
    __temporary_stack_top$libspace           0x20000190   Data           0  libspace.o(.bss)



==============================================================================

Memory Map of the image

  Image Entry point : 0x080001d9

  Load Region LR_IROM1 (Base: 0x08000000, Size: 0x00006480, Max: 0x0001c000, ABSOLUTE, COMPRESSED[0x00006420])

    Execution Region ER_IROM1 (Exec base: 0x08000000, Load base: 0x08000000, Size: 0x00006350, Max: 0x0001c000, ABSOLUTE)

    Exec Addr    Load Addr    Size         Type   Attr      Idx    E Section Name        Object

    0x08000000   0x08000000   0x000001d8   Data   RO            3    RESET               startup_stm32g431xx.o
    0x080001d8   0x080001d8   0x00000008   Code   RO           54  * !!!main             c_w.l(__main.o)
    0x080001e0   0x080001e0   0x0000005c   Code   RO          421    !!!scatter          c_w.l(__scatter.o)
    0x0800023c   0x0800023c   0x0000005a   Code   RO          419    !!dczerorl2         c_w.l(__dczerorl2.o)
    0x08000296   0x08000296   0x00000002   PAD
    0x08000298   0x08000298   0x00000002   Code   RO          422    !!handler_null      c_w.l(__scatter.o)
    0x0800029a   0x0800029a   0x00000002   PAD
    0x0800029c   0x0800029c   0x0000001c   Code   RO          425    !!handler_zi        c_w.l(__scatter_zi.o)
    0x080002b8   0x080002b8   0x00000002   Code   RO           81    .ARM.Collect$$libinit$$00000000  c_w.l(libinit.o)
    0x080002ba   0x080002ba   0x00000004   Code   RO           87    .ARM.Collect$$libinit$$00000001  c_w.l(libinit2.o)
    0x080002be   0x080002be   0x00000000   Code   RO           90    .ARM.Collect$$libinit$$00000004  c_w.l(libinit2.o)
    0x080002be   0x080002be   0x00000000   Code   RO           92    .ARM.Collect$$libinit$$00000006  c_w.l(libinit2.o)
    0x080002be   0x080002be   0x00000000   Code   RO           95    .ARM.Collect$$libinit$$0000000C  c_w.l(libinit2.o)
    0x080002be   0x080002be   0x00000000   Code   RO           97    .ARM.Collect$$libinit$$0000000E  c_w.l(libinit2.o)
    0x080002be   0x080002be   0x00000000   Code   RO           99    .ARM.Collect$$libinit$$00000010  c_w.l(libinit2.o)
    0x080002be   0x080002be   0x00000000   Code   RO          102    .ARM.Collect$$libinit$$00000013  c_w.l(libinit2.o)
    0x080002be   0x080002be   0x00000000   Code   RO          104    .ARM.Collect$$libinit$$00000015  c_w.l(libinit2.o)
    0x080002be   0x080002be   0x00000000   Code   RO          106    .ARM.Collect$$libinit$$00000017  c_w.l(libinit2.o)
    0x080002be   0x080002be   0x00000000   Code   RO          108    .ARM.Collect$$libinit$$00000019  c_w.l(libinit2.o)
    0x080002be   0x080002be   0x00000000   Code   RO          110    .ARM.Collect$$libinit$$0000001B  c_w.l(libinit2.o)
    0x080002be   0x080002be   0x00000000   Code   RO          112    .ARM.Collect$$libinit$$0000001D  c_w.l(libinit2.o)
    0x080002be   0x080002be   0x00000000   Code   RO          114    .ARM.Collect$$libinit$$0000001F  c_w.l(libinit2.o)
    0x080002be   0x080002be   0x00000000   Code   RO          116    .ARM.Collect$$libinit$$00000021  c_w.l(libinit2.o)
    0x080002be   0x080002be   0x00000000   Code   RO          118    .ARM.Collect$$libinit$$00000023  c_w.l(libinit2.o)
    0x080002be   0x080002be   0x00000000   Code   RO          120    .ARM.Collect$$libinit$$00000025  c_w.l(libinit2.o)
    0x080002be   0x080002be   0x00000000   Code   RO          122    .ARM.Collect$$libinit$$00000027  c_w.l(libinit2.o)
    0x080002be   0x080002be   0x00000000   Code   RO          126    .ARM.Collect$$libinit$$0000002E  c_w.l(libinit2.o)
    0x080002be   0x080002be   0x00000000   Code   RO          128    .ARM.Collect$$libinit$$00000030  c_w.l(libinit2.o)
    0x080002be   0x080002be   0x00000000   Code   RO          130    .ARM.Collect$$libinit$$00000032  c_w.l(libinit2.o)
    0x080002be   0x080002be   0x00000000   Code   RO          132    .ARM.Collect$$libinit$$00000034  c_w.l(libinit2.o)
    0x080002be   0x080002be   0x00000002   Code   RO          133    .ARM.Collect$$libinit$$00000035  c_w.l(libinit2.o)
    0x080002c0   0x080002c0   0x00000002   Code   RO          155    .ARM.Collect$$libshutdown$$00000000  c_w.l(libshutdown.o)
    0x080002c2   0x080002c2   0x00000000   Code   RO          170    .ARM.Collect$$libshutdown$$00000002  c_w.l(libshutdown2.o)
    0x080002c2   0x080002c2   0x00000000   Code   RO          172    .ARM.Collect$$libshutdown$$00000004  c_w.l(libshutdown2.o)
    0x080002c2   0x080002c2   0x00000000   Code   RO          175    .ARM.Collect$$libshutdown$$00000007  c_w.l(libshutdown2.o)
    0x080002c2   0x080002c2   0x00000000   Code   RO          178    .ARM.Collect$$libshutdown$$0000000A  c_w.l(libshutdown2.o)
    0x080002c2   0x080002c2   0x00000000   Code   RO          180    .ARM.Collect$$libshutdown$$0000000C  c_w.l(libshutdown2.o)
    0x080002c2   0x080002c2   0x00000000   Code   RO          183    .ARM.Collect$$libshutdown$$0000000F  c_w.l(libshutdown2.o)
    0x080002c2   0x080002c2   0x00000002   Code   RO          184    .ARM.Collect$$libshutdown$$00000010  c_w.l(libshutdown2.o)
    0x080002c4   0x080002c4   0x00000000   Code   RO           56    .ARM.Collect$$rtentry$$00000000  c_w.l(__rtentry.o)
    0x080002c4   0x080002c4   0x00000000   Code   RO           58    .ARM.Collect$$rtentry$$00000002  c_w.l(__rtentry2.o)
    0x080002c4   0x080002c4   0x00000006   Code   RO           70    .ARM.Collect$$rtentry$$00000004  c_w.l(__rtentry4.o)
    0x080002ca   0x080002ca   0x00000000   Code   RO           60    .ARM.Collect$$rtentry$$00000009  c_w.l(__rtentry2.o)
    0x080002ca   0x080002ca   0x00000004   Code   RO           61    .ARM.Collect$$rtentry$$0000000A  c_w.l(__rtentry2.o)
    0x080002ce   0x080002ce   0x00000000   Code   RO           63    .ARM.Collect$$rtentry$$0000000C  c_w.l(__rtentry2.o)
    0x080002ce   0x080002ce   0x00000008   Code   RO           64    .ARM.Collect$$rtentry$$0000000D  c_w.l(__rtentry2.o)
    0x080002d6   0x080002d6   0x00000002   Code   RO           85    .ARM.Collect$$rtexit$$00000000  c_w.l(rtexit.o)
    0x080002d8   0x080002d8   0x00000000   Code   RO          135    .ARM.Collect$$rtexit$$00000002  c_w.l(rtexit2.o)
    0x080002d8   0x080002d8   0x00000004   Code   RO          136    .ARM.Collect$$rtexit$$00000003  c_w.l(rtexit2.o)
    0x080002dc   0x080002dc   0x00000006   Code   RO          137    .ARM.Collect$$rtexit$$00000004  c_w.l(rtexit2.o)
    0x080002e2   0x080002e2   0x00000002   PAD
    0x080002e4   0x080002e4   0x0000003c   Code   RO            4    .text               startup_stm32g431xx.o
    0x08000320   0x08000320   0x00000006   Code   RO           52    .text               c_w.l(heapauxi.o)
    0x08000326   0x08000326   0x0000004a   Code   RO           72    .text               c_w.l(sys_stackheap_outer.o)
    0x08000370   0x08000370   0x00000012   Code   RO           74    .text               c_w.l(exit.o)
    0x08000382   0x08000382   0x00000002   PAD
    0x08000384   0x08000384   0x00000008   Code   RO           82    .text               c_w.l(libspace.o)
    0x0800038c   0x0800038c   0x0000000c   Code   RO          145    .text               c_w.l(sys_exit.o)
    0x08000398   0x08000398   0x00000002   Code   RO          160    .text               c_w.l(use_no_semi.o)
    0x0800039a   0x0800039a   0x00000000   Code   RO          162    .text               c_w.l(indicate_semi.o)
    0x0800039a   0x0800039a   0x00000044   Code   RO          381    .text               c_w.l(rt_memclr.o)
    0x080003de   0x080003de   0x0000004e   Code   RO          383    .text               c_w.l(rt_memclr_w.o)
    0x0800042c   0x0800042c   0x00000016   Code   RO          401    .text               c_w.l(_rserrno.o)
    0x08000442   0x08000442   0x00000002   PAD
    0x08000444   0x08000444   0x00000008   Code   RO          415    .text               c_w.l(rt_errno_addr_intlibspace.o)
    0x0800044c   0x0800044c   0x00000174   Code   RO          276    .text.AUDIO_AudioCmd_FS  lto-llvm-822f7c.o
    0x080005c0   0x080005c0   0x00000004   Code   RO          274    .text.AUDIO_DeInit_FS  lto-llvm-822f7c.o
    0x080005c4   0x080005c4   0x00000004   Code   RO          284    .text.AUDIO_GetState_FS  lto-llvm-822f7c.o
    0x080005c8   0x080005c8   0x00000084   Code   RO          272    .text.AUDIO_Init_FS  lto-llvm-822f7c.o
    0x0800064c   0x0800064c   0x00000004   Code   RO          280    .text.AUDIO_MuteCtl_FS  lto-llvm-822f7c.o
    0x08000650   0x08000650   0x00000004   Code   RO          282    .text.AUDIO_PeriodicTC_FS  lto-llvm-822f7c.o
    0x08000654   0x08000654   0x00000004   PAD
    0x08000658   0x08000658   0x00000084   Code   RO          278    .text.AUDIO_VolumeCtl_FS  lto-llvm-822f7c.o
    0x080006dc   0x080006dc   0x00000002   Code   RO          228    .text.BusFault_Handler  lto-llvm-822f7c.o
    0x080006de   0x080006de   0x00000002   PAD
    0x080006e0   0x080006e0   0x000000b4   Code   RO          240    .text.DMA1_Channel1_IRQHandler  lto-llvm-822f7c.o
    0x08000794   0x08000794   0x00000002   Code   RO          234    .text.DebugMon_Handler  lto-llvm-822f7c.o
    0x08000796   0x08000796   0x00000002   PAD
    0x08000798   0x08000798   0x000001a2   Code   RO          298    .text.HAL_GPIO_Init  lto-llvm-822f7c.o
    0x0800093a   0x0800093a   0x00000002   PAD
    0x0800093c   0x0800093c   0x000001e0   Code   RO          300    .text.HAL_I2C_Init  lto-llvm-822f7c.o
    0x08000b1c   0x08000b1c   0x000001b4   Code   RO          302    .text.HAL_I2C_Master_Transmit  lto-llvm-822f7c.o
    0x08000cd0   0x08000cd0   0x0000006e   Code   RO          256    .text.HAL_PCDEx_LPM_Callback  lto-llvm-822f7c.o
    0x08000d3e   0x08000d3e   0x00000002   PAD
    0x08000d40   0x08000d40   0x00000124   Code   RO          248    .text.HAL_PCD_DataInStageCallback  lto-llvm-822f7c.o
    0x08000e64   0x08000e64   0x000000ba   Code   RO          246    .text.HAL_PCD_DataOutStageCallback  lto-llvm-822f7c.o
    0x08000f1e   0x08000f1e   0x00000002   PAD
    0x08000f20   0x08000f20   0x000002e6   Code   RO          296    .text.HAL_RCCEx_PeriphCLKConfig  lto-llvm-822f7c.o
    0x08001206   0x08001206   0x00000002   PAD
    0x08001208   0x08001208   0x000003a4   Code   RO          294    .text.HAL_RCC_ClockConfig  lto-llvm-822f7c.o
    0x080015ac   0x080015ac   0x0000083a   Code   RO          292    .text.HAL_RCC_OscConfig  lto-llvm-822f7c.o
    0x08001de6   0x08001de6   0x00000002   PAD
    0x08001de8   0x08001de8   0x0000013c   Code   RO          314    .text.HAL_TIM_PWM_Start  lto-llvm-822f7c.o
    0x08001f24   0x08001f24   0x00000002   Code   RO          224    .text.HardFault_Handler  lto-llvm-822f7c.o
    0x08001f26   0x08001f26   0x00000002   PAD
    0x08001f28   0x08001f28   0x000001b2   Code   RO          304    .text.I2C_IsErrorOccurred  lto-llvm-822f7c.o
    0x080020da   0x080020da   0x00000002   PAD
    0x080020dc   0x080020dc   0x00000022   Code   RO          310    .text.I2S_DMAError  lto-llvm-822f7c.o
    0x080020fe   0x080020fe   0x00000002   PAD
    0x08002100   0x08002100   0x000000a4   Code   RO          308    .text.I2S_DMATxCplt  lto-llvm-822f7c.o
    0x080021a4   0x080021a4   0x00000034   Code   RO          306    .text.I2S_DMATxHalfCplt  lto-llvm-822f7c.o
    0x080021d8   0x080021d8   0x00000002   Code   RO          226    .text.MemManage_Handler  lto-llvm-822f7c.o
    0x080021da   0x080021da   0x00000002   PAD
    0x080021dc   0x080021dc   0x00000002   Code   RO          222    .text.NMI_Handler   lto-llvm-822f7c.o
    0x080021de   0x080021de   0x00000002   PAD
    0x080021e0   0x080021e0   0x00000002   Code   RO          236    .text.PendSV_Handler  lto-llvm-822f7c.o
    0x080021e2   0x080021e2   0x00000002   PAD
    0x080021e4   0x080021e4   0x00000126   Code   RO          244    .text.SPI2_IRQHandler  lto-llvm-822f7c.o
    0x0800230a   0x0800230a   0x00000002   PAD
    0x0800230c   0x0800230c   0x00000002   Code   RO          232    .text.SVC_Handler   lto-llvm-822f7c.o
    0x0800230e   0x0800230e   0x00000002   PAD
    0x08002310   0x08002310   0x00000010   Code   RO          238    .text.SysTick_Handler  lto-llvm-822f7c.o
    0x08002320   0x08002320   0x000000da   Code   RO          220    .text.SystemClock_Config  lto-llvm-822f7c.o
    0x080023fa   0x080023fa   0x00000002   PAD
    0x080023fc   0x080023fc   0x00000012   Code   RO          316    .text.SystemInit    lto-llvm-822f7c.o
    0x0800240e   0x0800240e   0x00000002   PAD
    0x08002410   0x08002410   0x00000116   Code   RO          312    .text.TIM_Base_SetConfig  lto-llvm-822f7c.o
    0x08002526   0x08002526   0x00000002   PAD
    0x08002528   0x08002528   0x00000024   Code   RO          268    .text.USBD_AUDIO_ConfigStrDescriptor  lto-llvm-822f7c.o
    0x0800254c   0x0800254c   0x00000004   Code   RO          336    .text.USBD_AUDIO_DataIn  lto-llvm-822f7c.o
    0x08002550   0x08002550   0x0000009e   Code   RO          338    .text.USBD_AUDIO_DataOut  lto-llvm-822f7c.o
    0x080025ee   0x080025ee   0x00000002   PAD
    0x080025f0   0x080025f0   0x000000b0   Code   RO          328    .text.USBD_AUDIO_DeInit  lto-llvm-822f7c.o
    0x080026a0   0x080026a0   0x0000000e   Code   RO          258    .text.USBD_AUDIO_DeviceDescriptor  lto-llvm-822f7c.o
    0x080026ae   0x080026ae   0x00000002   PAD
    0x080026b0   0x080026b0   0x00000044   Code   RO          334    .text.USBD_AUDIO_EP0_RxReady  lto-llvm-822f7c.o
    0x080026f4   0x080026f4   0x00000004   Code   RO          332    .text.USBD_AUDIO_EP0_TxReady  lto-llvm-822f7c.o
    0x080026f8   0x080026f8   0x00000010   Code   RO          346    .text.USBD_AUDIO_GetCfgDesc  lto-llvm-822f7c.o
    0x08002708   0x08002708   0x00000010   Code   RO          348    .text.USBD_AUDIO_GetDeviceQualifierDesc  lto-llvm-822f7c.o
    0x08002718   0x08002718   0x00000080   Code   RO          326    .text.USBD_AUDIO_Init  lto-llvm-822f7c.o
    0x08002798   0x08002798   0x00000024   Code   RO          270    .text.USBD_AUDIO_InterfaceStrDescriptor  lto-llvm-822f7c.o
    0x080027bc   0x080027bc   0x00000004   Code   RO          342    .text.USBD_AUDIO_IsoINIncomplete  lto-llvm-822f7c.o
    0x080027c0   0x080027c0   0x00000004   Code   RO          344    .text.USBD_AUDIO_IsoOutIncomplete  lto-llvm-822f7c.o
    0x080027c4   0x080027c4   0x0000000e   Code   RO          260    .text.USBD_AUDIO_LangIDStrDescriptor  lto-llvm-822f7c.o
    0x080027d2   0x080027d2   0x00000002   PAD
    0x080027d4   0x080027d4   0x00000028   Code   RO          262    .text.USBD_AUDIO_ManufacturerStrDescriptor  lto-llvm-822f7c.o
    0x080027fc   0x080027fc   0x00000028   Code   RO          264    .text.USBD_AUDIO_ProductStrDescriptor  lto-llvm-822f7c.o
    0x08002824   0x08002824   0x00000004   Code   RO          340    .text.USBD_AUDIO_SOF  lto-llvm-822f7c.o
    0x08002828   0x08002828   0x00000170   Code   RO          266    .text.USBD_AUDIO_SerialStrDescriptor  lto-llvm-822f7c.o
    0x08002998   0x08002998   0x000001a0   Code   RO          330    .text.USBD_AUDIO_Setup  lto-llvm-822f7c.o
    0x08002b38   0x08002b38   0x00000066   Code   RO          318    .text.USBD_CtlError  lto-llvm-822f7c.o
    0x08002b9e   0x08002b9e   0x00000002   PAD
    0x08002ba0   0x08002ba0   0x0000002e   Code   RO          322    .text.USBD_CtlSendData  lto-llvm-822f7c.o
    0x08002bce   0x08002bce   0x00000002   PAD
    0x08002bd0   0x08002bd0   0x0000002a   Code   RO          324    .text.USBD_CtlSendStatus  lto-llvm-822f7c.o
    0x08002bfa   0x08002bfa   0x00000002   PAD
    0x08002bfc   0x08002bfc   0x000000d2   Code   RO          320    .text.USBD_GetString  lto-llvm-822f7c.o
    0x08002cce   0x08002cce   0x00000002   PAD
    0x08002cd0   0x08002cd0   0x000000b4   Code   RO          254    .text.USBD_LL_ClearStallEP  lto-llvm-822f7c.o
    0x08002d84   0x08002d84   0x00000290   Code   RO          250    .text.USBD_LL_OpenEP  lto-llvm-822f7c.o
    0x08003014   0x08003014   0x00000088   Code   RO          252    .text.USBD_LL_StallEP  lto-llvm-822f7c.o
    0x0800309c   0x0800309c   0x000007f6   Code   RO          286    .text.USB_EPStartXfer  lto-llvm-822f7c.o
    0x08003892   0x08003892   0x00000002   PAD
    0x08003894   0x08003894   0x00001224   Code   RO          242    .text.USB_LP_IRQHandler  lto-llvm-822f7c.o
    0x08004ab8   0x08004ab8   0x00000094   Code   RO          290    .text.USB_ReadPMA   lto-llvm-822f7c.o
    0x08004b4c   0x08004b4c   0x00000094   Code   RO          288    .text.USB_WritePMA  lto-llvm-822f7c.o
    0x08004be0   0x08004be0   0x00000002   Code   RO          230    .text.UsageFault_Handler  lto-llvm-822f7c.o
    0x08004be2   0x08004be2   0x00000006   PAD
    0x08004be8   0x08004be8   0x0000128c   Code   RO          218    .text.main          lto-llvm-822f7c.o
    0x08005e74   0x08005e74   0x0000007a   Code   RO          395    i.__hardfp_sqrt     m_wm.l(sqrt.o)
    0x08005eee   0x08005eee   0x00000002   PAD
    0x08005ef0   0x08005ef0   0x00000062   Code   RO          385    x$fpl$d2f           fz_wm.l(d2f.o)
    0x08005f52   0x08005f52   0x00000026   Code   RO          387    x$fpl$dfltu         fz_wm.l(dflt_clz.o)
    0x08005f78   0x08005f78   0x00000154   Code   RO          393    x$fpl$dmul          fz_wm.l(dmul.o)
    0x080060cc   0x080060cc   0x0000009c   Code   RO          403    x$fpl$dnaninf       fz_wm.l(dnaninf.o)
    0x08006168   0x08006168   0x0000000c   Code   RO          405    x$fpl$dretinf       fz_wm.l(dretinf.o)
    0x08006174   0x08006174   0x00000198   Code   RO          407    x$fpl$dsqrt         fz_wm.l(dsqrt_umaal.o)
    0x0800630c   0x0800630c   0x0000001a   Code   RO          143    x$fpl$fpinit        fz_wm.l(fpinit.o)
    0x08006326   0x08006326   0x0000000a   Code   RO          409    x$fpl$fretinf       fz_wm.l(fretinf.o)
    0x08006330   0x08006330   0x00000000   Code   RO          411    x$fpl$usenofp       fz_wm.l(usenofp.o)
    0x08006330   0x08006330   0x00000020   Data   RO          418    Region$$Table       anon$$obj.o


    Execution Region RW_IRAM1 (Exec base: 0x20000000, Load base: 0x08006350, Size: 0x00004b30, Max: 0x00008000, ABSOLUTE, COMPRESSED[0x000000d0])

    Exec Addr    Load Addr    Size         Type   Attr      Idx    E Section Name        Object

    0x20000000   COMPRESSED   0x00000020   Data   RW          357    .data.AUDIO_Desc    lto-llvm-822f7c.o
    0x20000020   COMPRESSED   0x00000004   Data   RW          366    .data.SystemCoreClock  lto-llvm-822f7c.o
    0x20000024   COMPRESSED   0x00000038   Data   RW          368    .data.USBD_AUDIO    lto-llvm-822f7c.o
    0x2000005c   COMPRESSED   0x0000006d   Data   RW          369    .data.USBD_AUDIO_CfgDesc  lto-llvm-822f7c.o
    0x200000c9   COMPRESSED   0x00000003   PAD
    0x200000cc   COMPRESSED   0x00000012   Data   RW          358    .data.USBD_AUDIO_DeviceDesc  lto-llvm-822f7c.o
    0x200000de   COMPRESSED   0x00000002   PAD
    0x200000e0   COMPRESSED   0x0000000a   Data   RW          370    .data.USBD_AUDIO_DeviceQualifierDesc  lto-llvm-822f7c.o
    0x200000ea   COMPRESSED   0x00000002   PAD
    0x200000ec   COMPRESSED   0x0000001c   Data   RW          362    .data.USBD_AUDIO_fops_FS  lto-llvm-822f7c.o
    0x20000108   COMPRESSED   0x00000004   Data   RW          359    .data.USBD_LangIDDesc  lto-llvm-822f7c.o
    0x2000010c   COMPRESSED   0x0000001a   Data   RW          360    .data.USBD_StringSerial  lto-llvm-822f7c.o
    0x20000126   COMPRESSED   0x00000002   PAD
    0x20000128   COMPRESSED   0x00000004   Data   RW          372    .data.g_volume      lto-llvm-822f7c.o
    0x2000012c   COMPRESSED   0x00000004   PAD
    0x20000130        -       0x00000060   Zero   RW           83    .bss                c_w.l(libspace.o)
    0x20000190        -       0x00000001   Zero   RW          367    .bss.USBD_SetConfig.cfgidx  lto-llvm-822f7c.o
    0x20000191   COMPRESSED   0x00000003   PAD
    0x20000194        -       0x00000200   Zero   RW          361    .bss.USBD_StrDesc   lto-llvm-822f7c.o
    0x20000394        -       0x00003c54   Zero   RW          356    .bss.USBD_static_malloc.mem  lto-llvm-822f7c.o
    0x20003fe8        -       0x00000001   Zero   RW          354    .bss.g_usb_state    lto-llvm-822f7c.o
    0x20003fe9   COMPRESSED   0x00000003   PAD
    0x20003fec        -       0x000002d0   Zero   RW          363    .bss.hUsbDeviceFS   lto-llvm-822f7c.o
    0x200042bc        -       0x00000060   Zero   RW          353    .bss.hdma_spi2_tx   lto-llvm-822f7c.o
    0x2000431c        -       0x00000054   Zero   RW          351    .bss.hi2c1          lto-llvm-822f7c.o
    0x20004370        -       0x00000054   Zero   RW          373    .bss.hi2c2          lto-llvm-822f7c.o
    0x200043c4        -       0x0000003c   Zero   RW          371    .bss.hi2s2          lto-llvm-822f7c.o
    0x20004400        -       0x000002dc   Zero   RW          355    .bss.hpcd_USB_FS    lto-llvm-822f7c.o
    0x200046dc        -       0x0000004c   Zero   RW          352    .bss.htim2          lto-llvm-822f7c.o
    0x20004728        -       0x00000004   Zero   RW          364    .bss.uwTick         lto-llvm-822f7c.o
    0x2000472c        -       0x00000001   Zero   RW          365    .bss.uwTickPrio     lto-llvm-822f7c.o
    0x2000472d   COMPRESSED   0x00000003   PAD
    0x20004730        -       0x00000000   Zero   RW            2    HEAP                startup_stm32g431xx.o
    0x20004730        -       0x00000400   Zero   RW            1    STACK               startup_stm32g431xx.o


==============================================================================

Image component sizes


      Code (inc. data)   RO Data    RW Data    ZI Data      Debug   Object Name

     23018        196          0        291      17815     162052   lto-llvm-822f7c.o
        60         22        472          0       1024        836   startup_stm32g431xx.o

    ----------------------------------------------------------------------
     23140        218        504        300      18852     162888   Object Totals
         0          0         32          0          0          0   (incl. Generated)
        62          0          0          9         13          0   (incl. Padding)

    ----------------------------------------------------------------------

      Code (inc. data)   RO Data    RW Data    ZI Data      Debug   Library Member Name

        90          0          0          0          0          0   __dczerorl2.o
         8          0          0          0          0         68   __main.o
         0          0          0          0          0          0   __rtentry.o
        12          0          0          0          0          0   __rtentry2.o
         6          0          0          0          0          0   __rtentry4.o
        94          8          0          0          0          0   __scatter.o
        28          0          0          0          0          0   __scatter_zi.o
        22          0          0          0          0        100   _rserrno.o
        18          0          0          0          0         80   exit.o
         6          0          0          0          0        152   heapauxi.o
         0          0          0          0          0          0   indicate_semi.o
         2          0          0          0          0          0   libinit.o
         6          0          0          0          0          0   libinit2.o
         2          0          0          0          0          0   libshutdown.o
         2          0          0          0          0          0   libshutdown2.o
         8          4          0          0         96         68   libspace.o
         8          4          0          0          0         68   rt_errno_addr_intlibspace.o
        68          0          0          0          0         68   rt_memclr.o
        78          0          0          0          0         80   rt_memclr_w.o
         2          0          0          0          0          0   rtexit.o
        10          0          0          0          0          0   rtexit2.o
        12          4          0          0          0         68   sys_exit.o
        74          0          0          0          0         80   sys_stackheap_outer.o
         2          0          0          0          0         68   use_no_semi.o
        98          4          0          0          0        140   d2f.o
        38          0          0          0          0        116   dflt_clz.o
       340         12          0          0          0        152   dmul.o
       156          4          0          0          0        140   dnaninf.o
        12          0          0          0          0        116   dretinf.o
       408         56          0          0          0        168   dsqrt_umaal.o
        26          0          0          0          0        116   fpinit.o
        10          0          0          0          0        116   fretinf.o
         0          0          0          0          0          0   usenofp.o
       122          0          0          0          0        148   sqrt.o

    ----------------------------------------------------------------------
      1780         96          0          0         96       2112   Library Totals
        12          0          0          0          0          0   (incl. Padding)

    ----------------------------------------------------------------------

      Code (inc. data)   RO Data    RW Data    ZI Data      Debug   Library Name

       558         20          0          0         96        900   c_w.l
      1088         76          0          0          0       1064   fz_wm.l
       122          0          0          0          0        148   m_wm.l

    ----------------------------------------------------------------------
      1780         96          0          0         96       2112   Library Totals

    ----------------------------------------------------------------------

==============================================================================


      Code (inc. data)   RO Data    RW Data    ZI Data      Debug   

     24920        314        504        300      18948     164004   Grand Totals
     24920        314        504        208      18948     164004   ELF Image Totals (compressed)
     24920        314        504        208          0          0   ROM Totals

==============================================================================

    Total RO  Size (Code + RO Data)                25424 (  24.83kB)
    Total RW  Size (RW Data + ZI Data)             19248 (  18.80kB)
    Total ROM Size (Code + RO Data + RW Data)      25632 (  25.03kB)

==============================================================================

